Archive member included to satisfy reference by file (symbol)

/usr/lib/gcc/arm-none-eabi/9.2.1/thumb/v6-m/nofp/libgcc.a(_dvmd_tls.o)
                              CMakeFiles/test.dir/home/taunoerik/pico/pico-sdk/src/rp2_common/pico_divider/divider.S.obj (__aeabi_idiv0)
/usr/lib/gcc/arm-none-eabi/9.2.1/../../../arm-none-eabi/lib/thumb/v6-m/nofp/libc.a(lib_a-atexit.o)
                              /usr/lib/gcc/arm-none-eabi/9.2.1/../../../arm-none-eabi/lib/thumb/v6-m/nofp/crt0.o (atexit)
/usr/lib/gcc/arm-none-eabi/9.2.1/../../../arm-none-eabi/lib/thumb/v6-m/nofp/libc.a(lib_a-calloc.o)
                              CMakeFiles/test.dir/home/taunoerik/pico/pico-sdk/src/rp2_common/pico_malloc/pico_malloc.c.obj (calloc)
/usr/lib/gcc/arm-none-eabi/9.2.1/../../../arm-none-eabi/lib/thumb/v6-m/nofp/libc.a(lib_a-callocr.o)
                              /usr/lib/gcc/arm-none-eabi/9.2.1/../../../arm-none-eabi/lib/thumb/v6-m/nofp/libc.a(lib_a-calloc.o) (_calloc_r)
/usr/lib/gcc/arm-none-eabi/9.2.1/../../../arm-none-eabi/lib/thumb/v6-m/nofp/libc.a(lib_a-fini.o)
                              /usr/lib/gcc/arm-none-eabi/9.2.1/../../../arm-none-eabi/lib/thumb/v6-m/nofp/crt0.o (__libc_fini_array)
/usr/lib/gcc/arm-none-eabi/9.2.1/../../../arm-none-eabi/lib/thumb/v6-m/nofp/libc.a(lib_a-impure.o)
                              /usr/lib/gcc/arm-none-eabi/9.2.1/../../../arm-none-eabi/lib/thumb/v6-m/nofp/libc.a(lib_a-calloc.o) (_impure_ptr)
/usr/lib/gcc/arm-none-eabi/9.2.1/../../../arm-none-eabi/lib/thumb/v6-m/nofp/libc.a(lib_a-init.o)
                              /usr/lib/gcc/arm-none-eabi/9.2.1/../../../arm-none-eabi/lib/thumb/v6-m/nofp/crt0.o (__libc_init_array)
/usr/lib/gcc/arm-none-eabi/9.2.1/../../../arm-none-eabi/lib/thumb/v6-m/nofp/libc.a(lib_a-malloc.o)
                              CMakeFiles/test.dir/home/taunoerik/pico/pico-sdk/src/rp2_common/pico_malloc/pico_malloc.c.obj (malloc)
/usr/lib/gcc/arm-none-eabi/9.2.1/../../../arm-none-eabi/lib/thumb/v6-m/nofp/libc.a(lib_a-mallocr.o)
                              /usr/lib/gcc/arm-none-eabi/9.2.1/../../../arm-none-eabi/lib/thumb/v6-m/nofp/libc.a(lib_a-callocr.o) (_malloc_r)
/usr/lib/gcc/arm-none-eabi/9.2.1/../../../arm-none-eabi/lib/thumb/v6-m/nofp/libc.a(lib_a-mlock.o)
                              /usr/lib/gcc/arm-none-eabi/9.2.1/../../../arm-none-eabi/lib/thumb/v6-m/nofp/libc.a(lib_a-mallocr.o) (__malloc_lock)
/usr/lib/gcc/arm-none-eabi/9.2.1/../../../arm-none-eabi/lib/thumb/v6-m/nofp/libc.a(lib_a-sbrkr.o)
                              /usr/lib/gcc/arm-none-eabi/9.2.1/../../../arm-none-eabi/lib/thumb/v6-m/nofp/libc.a(lib_a-mallocr.o) (_sbrk_r)
/usr/lib/gcc/arm-none-eabi/9.2.1/../../../arm-none-eabi/lib/thumb/v6-m/nofp/libc.a(lib_a-strlen-stub.o)
                              CMakeFiles/test.dir/home/taunoerik/pico/pico-sdk/src/rp2_common/pico_stdio/stdio.c.obj (strlen)
/usr/lib/gcc/arm-none-eabi/9.2.1/../../../arm-none-eabi/lib/thumb/v6-m/nofp/libc.a(lib_a-__atexit.o)
                              /usr/lib/gcc/arm-none-eabi/9.2.1/../../../arm-none-eabi/lib/thumb/v6-m/nofp/libc.a(lib_a-atexit.o) (__register_exitproc)
/usr/lib/gcc/arm-none-eabi/9.2.1/../../../arm-none-eabi/lib/thumb/v6-m/nofp/libc.a(lib_a-freer.o)
                              /usr/lib/gcc/arm-none-eabi/9.2.1/../../../arm-none-eabi/lib/thumb/v6-m/nofp/libc.a(lib_a-malloc.o) (_free_r)
/usr/lib/gcc/arm-none-eabi/9.2.1/../../../arm-none-eabi/lib/thumb/v6-m/nofp/libc.a(lib_a-reent.o)
                              /usr/lib/gcc/arm-none-eabi/9.2.1/../../../arm-none-eabi/lib/thumb/v6-m/nofp/libc.a(lib_a-sbrkr.o) (errno)

Allocating common symbols
Common symbol       size              file

sf_table            0x100             CMakeFiles/test.dir/home/taunoerik/pico/pico-sdk/src/rp2_common/pico_float/float_init_rom.c.obj
errno               0x4               /usr/lib/gcc/arm-none-eabi/9.2.1/../../../arm-none-eabi/lib/thumb/v6-m/nofp/libc.a(lib_a-reent.o)
_usbd_qdef_buf      0xc0              CMakeFiles/test.dir/home/taunoerik/pico/pico-sdk/lib/tinyusb/src/device/usbd.c.obj
sf_clz_func         0x4               CMakeFiles/test.dir/home/taunoerik/pico/pico-sdk/src/rp2_common/pico_float/float_init_rom.c.obj
sd_table            0x100             CMakeFiles/test.dir/home/taunoerik/pico/pico-sdk/src/rp2_common/pico_double/double_init_rom.c.obj
uart_char_to_line_feed
                    0x4               CMakeFiles/test.dir/home/taunoerik/pico/pico-sdk/src/rp2_common/hardware_uart/uart.c.obj

Discarded input sections

 .text          0x0000000000000000        0x0 /usr/lib/gcc/arm-none-eabi/9.2.1/thumb/v6-m/nofp/crti.o
 .data          0x0000000000000000        0x0 /usr/lib/gcc/arm-none-eabi/9.2.1/thumb/v6-m/nofp/crti.o
 .bss           0x0000000000000000        0x0 /usr/lib/gcc/arm-none-eabi/9.2.1/thumb/v6-m/nofp/crti.o
 .data          0x0000000000000000        0x4 /usr/lib/gcc/arm-none-eabi/9.2.1/thumb/v6-m/nofp/crtbegin.o
[...]
Memory Configuration

Name             Origin             Length             Attributes
FLASH            0x0000000010000000 0x0000000000200000 xr
RAM              0x0000000020000000 0x0000000000040000 xrw
SCRATCH_X        0x0000000020040000 0x0000000000001000 xrw
SCRATCH_Y        0x0000000020041000 0x0000000000001000 xrw
*default*        0x0000000000000000 0xffffffffffffffff

Linker script and memory map

LOAD /usr/lib/gcc/arm-none-eabi/9.2.1/thumb/v6-m/nofp/crti.o
LOAD /usr/lib/gcc/arm-none-eabi/9.2.1/thumb/v6-m/nofp/crtbegin.o
LOAD /usr/lib/gcc/arm-none-eabi/9.2.1/../../../arm-none-eabi/lib/thumb/v6-m/nofp/crt0.o

.flash_begin    0x0000000010000000        0x0
                0x0000000010000000                __flash_binary_start = .

.boot2          0x0000000010000000      0x100
                0x0000000010000000                __boot2_start__ = .
 *(.boot2)
 .boot2         0x0000000010000000      0x100 /tmp/ccPfGsF4.o
                0x0000000010000100                __boot2_end__ = .
                0x0000000000000001                ASSERT (((__boot2_end__ - __boot2_start__) == 0x100), ERROR: Pico second stage bootloader must be 256 bytes in size)

.text           0x0000000010000100     0x4cb0
                0x0000000010000100                __logical_binary_start = .
 *(.vectors)
 .vectors       0x0000000010000100       0xd4 CMakeFiles/test.dir/home/taunoerik/pico/pico-sdk/src/rp2_common/pico_standard_link/crt0.S.obj
                0x0000000010000100                __vectors
                0x00000000100001c0                isr_invalid
                0x00000000100001c2                isr_nmi
                0x00000000100001c4                isr_hardfault
                0x00000000100001c6                isr_svcall
                0x00000000100001c8                isr_pendsv
                0x00000000100001ca                isr_systick
                0x00000000100001cc                isr_irq30
                0x00000000100001cc                __unhandled_user_irq
                0x00000000100001cc                isr_irq13
                0x00000000100001cc                isr_irq27
                0x00000000100001cc                isr_irq31
                0x00000000100001cc                isr_irq5
                0x00000000100001cc                isr_irq11
                0x00000000100001cc                isr_irq23
                0x00000000100001cc                isr_irq18
                0x00000000100001cc                isr_irq28
                0x00000000100001cc                isr_irq19
                0x00000000100001cc                isr_irq0
                0x00000000100001cc                isr_irq6
                0x00000000100001cc                isr_irq22
                0x00000000100001cc                isr_irq17
                0x00000000100001cc                isr_irq14
                0x00000000100001cc                isr_irq2
                0x00000000100001cc                isr_irq10
                0x00000000100001cc                isr_irq8
                0x00000000100001cc                isr_irq24
                0x00000000100001cc                isr_irq1
                0x00000000100001cc                isr_irq7
                0x00000000100001cc                isr_irq21
                0x00000000100001cc                isr_irq20
                0x00000000100001cc                isr_irq15
                0x00000000100001cc                isr_irq25
                0x00000000100001cc                isr_irq4
                0x00000000100001cc                isr_irq16
                0x00000000100001cc                isr_irq29
                0x00000000100001cc                isr_irq26
                0x00000000100001cc                isr_irq3
                0x00000000100001cc                isr_irq12
                0x00000000100001cc                isr_irq9
                0x00000000100001d2                unhandled_user_irq_num_in_r0
 *(.binary_info_header)
 .binary_info_header
                0x00000000100001d4       0x14 CMakeFiles/test.dir/home/taunoerik/pico/pico-sdk/src/rp2_common/pico_standard_link/crt0.S.obj
                0x00000000100001e8                __binary_info_header_end = .
 *(.reset)
 .reset         0x00000000100001e8       0xa8 CMakeFiles/test.dir/home/taunoerik/pico/pico-sdk/src/rp2_common/pico_standard_link/crt0.S.obj
                0x00000000100001e8                _entry_point
                0x0000000010000266                __get_current_exception
 .reset         0x0000000010000290       0x30 CMakeFiles/test.dir/home/taunoerik/pico/pico-sdk/src/rp2_common/pico_standard_link/binary_info.c.obj
 *(.init)
 .init          0x00000000100002c0        0x4 /usr/lib/gcc/arm-none-eabi/9.2.1/thumb/v6-m/nofp/crti.o
                0x00000000100002c0                _init
 *(EXCLUDE_FILE(*libm.a: *libc.a:*lib_a-mem*.o *libgcc.a:) .text*)
 .text          0x00000000100002c4       0x98 /usr/lib/gcc/arm-none-eabi/9.2.1/thumb/v6-m/nofp/crtbegin.o
 .text.startup.main
                0x000000001000035c       0x4c CMakeFiles/test.dir/test.cpp.obj
                0x000000001000035c                main
 .text.gpio_set_function
                0x00000000100003a8       0x30 CMakeFiles/test.dir/home/taunoerik/pico/pico-sdk/src/rp2_common/hardware_gpio/gpio.c.obj
                0x00000000100003a8                gpio_set_function
 .text.gpio_init
                0x00000000100003d8       0x3c CMakeFiles/test.dir/home/taunoerik/pico/pico-sdk/src/rp2_common/hardware_gpio/gpio.c.obj
                0x00000000100003d8                gpio_init
 .text.hw_claim_or_assert
                0x0000000010000414       0x60 CMakeFiles/test.dir/home/taunoerik/pico/pico-sdk/src/rp2_common/hardware_claim/claim.c.obj
                0x0000000010000414                hw_claim_or_assert
 .text.hw_claim_unused_from_range
                0x0000000010000474       0x9c CMakeFiles/test.dir/home/taunoerik/pico/pico-sdk/src/rp2_common/hardware_claim/claim.c.obj
                0x0000000010000474                hw_claim_unused_from_range
 .text.spin_locks_reset
                0x0000000010000510       0x1c CMakeFiles/test.dir/home/taunoerik/pico/pico-sdk/src/rp2_common/hardware_sync/sync.c.obj
                0x0000000010000510                spin_locks_reset
 .text.next_striped_spin_lock_num
                0x000000001000052c       0x18 CMakeFiles/test.dir/home/taunoerik/pico/pico-sdk/src/rp2_common/hardware_sync/sync.c.obj
                0x000000001000052c                next_striped_spin_lock_num
 .text.spin_lock_claim_unused
                0x0000000010000544       0x20 CMakeFiles/test.dir/home/taunoerik/pico/pico-sdk/src/rp2_common/hardware_sync/sync.c.obj
                0x0000000010000544                spin_lock_claim_unused
 .text.running_on_fpga
                0x0000000010000564       0x10 CMakeFiles/test.dir/home/taunoerik/pico/pico-sdk/src/rp2_common/pico_platform/platform.c.obj
                0x0000000010000564                running_on_fpga
 .text.uart_init
                0x0000000010000574       0xe4 CMakeFiles/test.dir/home/taunoerik/pico/pico-sdk/src/rp2_common/hardware_uart/uart.c.obj
                0x0000000010000574                uart_init
 .text.timer_pool_entry_comparator
                0x0000000010000658       0x34 CMakeFiles/test.dir/home/taunoerik/pico/pico-sdk/src/common/pico_time/time.c.obj
                0x0000000010000658                timer_pool_entry_comparator
 .text.sev_callback
                0x000000001000068c        0x8 CMakeFiles/test.dir/home/taunoerik/pico/pico-sdk/src/common/pico_time/time.c.obj
 .text.add_alarm_under_lock
                0x0000000010000694      0x128 CMakeFiles/test.dir/home/taunoerik/pico/pico-sdk/src/common/pico_time/time.c.obj
 .text.alarm_pool_alarm_callback
                0x00000000100007bc      0x1c8 CMakeFiles/test.dir/home/taunoerik/pico/pico-sdk/src/common/pico_time/time.c.obj
 .text.alarm_pool_add_alarm_at.constprop.0
                0x0000000010000984      0x120 CMakeFiles/test.dir/home/taunoerik/pico/pico-sdk/src/common/pico_time/time.c.obj
 .text.alarm_pool_init_default
                0x0000000010000aa4       0x78 CMakeFiles/test.dir/home/taunoerik/pico/pico-sdk/src/common/pico_time/time.c.obj
                0x0000000010000aa4                alarm_pool_init_default
 .text.alarm_pool_get_default
                0x0000000010000b1c        0xc CMakeFiles/test.dir/home/taunoerik/pico/pico-sdk/src/common/pico_time/time.c.obj
                0x0000000010000b1c                alarm_pool_get_default
 .text.alarm_pool_add_alarm_at
                0x0000000010000b28      0x1b4 CMakeFiles/test.dir/home/taunoerik/pico/pico-sdk/src/common/pico_time/time.c.obj
                0x0000000010000b28                alarm_pool_add_alarm_at
 .text.alarm_pool_cancel_alarm
                0x0000000010000cdc       0x70 CMakeFiles/test.dir/home/taunoerik/pico/pico-sdk/src/common/pico_time/time.c.obj
                0x0000000010000cdc                alarm_pool_cancel_alarm
 .text.sleep_ms
                0x0000000010000d4c       0xa8 CMakeFiles/test.dir/home/taunoerik/pico/pico-sdk/src/common/pico_time/time.c.obj
                0x0000000010000d4c                sleep_ms
 .text.best_effort_wfe_or_timeout
                0x0000000010000df4       0x44 CMakeFiles/test.dir/home/taunoerik/pico/pico-sdk/src/common/pico_time/time.c.obj
                0x0000000010000df4                best_effort_wfe_or_timeout
 .text.hardware_alarm_irq_handler
                0x0000000010000e38       0xb8 CMakeFiles/test.dir/home/taunoerik/pico/pico-sdk/src/rp2_common/hardware_timer/timer.c.obj
 .text.hardware_alarm_claim
                0x0000000010000ef0       0x18 CMakeFiles/test.dir/home/taunoerik/pico/pico-sdk/src/rp2_common/hardware_timer/timer.c.obj
                0x0000000010000ef0                hardware_alarm_claim
 .text.time_us_64
                0x0000000010000f08       0x14 CMakeFiles/test.dir/home/taunoerik/pico/pico-sdk/src/rp2_common/hardware_timer/timer.c.obj
                0x0000000010000f08                time_us_64
 .text.busy_wait_until
                0x0000000010000f1c       0x20 CMakeFiles/test.dir/home/taunoerik/pico/pico-sdk/src/rp2_common/hardware_timer/timer.c.obj
                0x0000000010000f1c                busy_wait_until
 .text.hardware_alarm_set_callback
                0x0000000010000f3c       0x8c CMakeFiles/test.dir/home/taunoerik/pico/pico-sdk/src/rp2_common/hardware_timer/timer.c.obj
                0x0000000010000f3c                hardware_alarm_set_callback
 .text.hardware_alarm_set_target
                0x0000000010000fc8       0xc4 CMakeFiles/test.dir/home/taunoerik/pico/pico-sdk/src/rp2_common/hardware_timer/timer.c.obj
                0x0000000010000fc8                hardware_alarm_set_target
 .text.hardware_alarm_cancel
                0x000000001000108c       0x40 CMakeFiles/test.dir/home/taunoerik/pico/pico-sdk/src/rp2_common/hardware_timer/timer.c.obj
                0x000000001000108c                hardware_alarm_cancel
 .text.lock_init
                0x00000000100010cc       0x10 CMakeFiles/test.dir/home/taunoerik/pico/pico-sdk/src/common/pico_sync/lock_core.c.obj
                0x00000000100010cc                lock_init
 .text.mutex_init
                0x00000000100010dc       0x1c CMakeFiles/test.dir/home/taunoerik/pico/pico-sdk/src/common/pico_sync/mutex.c.obj
                0x00000000100010dc                mutex_init
 .text.critical_section_init
                0x00000000100010f8       0x18 CMakeFiles/test.dir/home/taunoerik/pico/pico-sdk/src/common/pico_sync/critical_section.c.obj
                0x00000000100010f8                critical_section_init
 .text.ph_merge_nodes
                0x0000000010001110       0x68 CMakeFiles/test.dir/home/taunoerik/pico/pico-sdk/src/common/pico_util/pheap.c.obj
 .text.ph_create
                0x0000000010001178       0x64 CMakeFiles/test.dir/home/taunoerik/pico/pico-sdk/src/common/pico_util/pheap.c.obj
                0x0000000010001178                ph_create
 .text.ph_merge_two_pass
                0x00000000100011dc       0x90 CMakeFiles/test.dir/home/taunoerik/pico/pico-sdk/src/common/pico_util/pheap.c.obj
                0x00000000100011dc                ph_merge_two_pass
 .text.ph_remove_any_head
                0x000000001000126c       0xf8 CMakeFiles/test.dir/home/taunoerik/pico/pico-sdk/src/common/pico_util/pheap.c.obj
 .text.ph_remove_head_reserve
                0x0000000010001364      0x13c CMakeFiles/test.dir/home/taunoerik/pico/pico-sdk/src/common/pico_util/pheap.c.obj
                0x0000000010001364                ph_remove_head_reserve
 .text.ph_delete
                0x00000000100014a0       0x7c CMakeFiles/test.dir/home/taunoerik/pico/pico-sdk/src/common/pico_util/pheap.c.obj
                0x00000000100014a0                ph_delete
 .text.runtime_init
                0x000000001000151c       0xec CMakeFiles/test.dir/home/taunoerik/pico/pico-sdk/src/rp2_common/pico_runtime/runtime.c.obj
                0x000000001000151c                runtime_init
 .text._sbrk    0x0000000010001608       0x34 CMakeFiles/test.dir/home/taunoerik/pico/pico-sdk/src/rp2_common/pico_runtime/runtime.c.obj
                0x0000000010001608                _sbrk
 .text.exit     0x000000001000163c        0x4 CMakeFiles/test.dir/home/taunoerik/pico/pico-sdk/src/rp2_common/pico_runtime/runtime.c.obj
                0x000000001000163c                exit
 .text.panic    0x0000000010001640       0x30 CMakeFiles/test.dir/home/taunoerik/pico/pico-sdk/src/rp2_common/pico_runtime/runtime.c.obj
                0x0000000010001640                panic
 .text.hard_assertion_failure
                0x0000000010001670        0xc CMakeFiles/test.dir/home/taunoerik/pico/pico-sdk/src/rp2_common/pico_runtime/runtime.c.obj
                0x0000000010001670                hard_assertion_failure
 .text.clocks_init
                0x000000001000167c      0x2e0 CMakeFiles/test.dir/home/taunoerik/pico/pico-sdk/src/rp2_common/hardware_clocks/clocks.c.obj
                0x000000001000167c                clocks_init
 .text.clock_get_hz
                0x000000001000195c        0xc CMakeFiles/test.dir/home/taunoerik/pico/pico-sdk/src/rp2_common/hardware_clocks/clocks.c.obj
                0x000000001000195c                clock_get_hz
 .text.watchdog_start_tick
                0x0000000010001968       0x10 CMakeFiles/test.dir/home/taunoerik/pico/pico-sdk/src/rp2_common/hardware_watchdog/watchdog.c.obj
                0x0000000010001968                watchdog_start_tick
 .text.xosc_init
                0x0000000010001978       0x28 CMakeFiles/test.dir/home/taunoerik/pico/pico-sdk/src/rp2_common/hardware_xosc/xosc.c.obj
                0x0000000010001978                xosc_init
 .text.pll_init
                0x00000000100019a0       0x54 CMakeFiles/test.dir/home/taunoerik/pico/pico-sdk/src/rp2_common/hardware_pll/pll.c.obj
                0x00000000100019a0                pll_init
 .text.irq_set_enabled
                0x00000000100019f4       0x24 CMakeFiles/test.dir/home/taunoerik/pico/pico-sdk/src/rp2_common/hardware_irq/irq.c.obj
                0x00000000100019f4                irq_set_enabled
 .text.irq_set_pending
                0x0000000010001a18       0x10 CMakeFiles/test.dir/home/taunoerik/pico/pico-sdk/src/rp2_common/hardware_irq/irq.c.obj
                0x0000000010001a18                irq_set_pending
 .text.irq_get_vtable_handler
                0x0000000010001a28       0x10 CMakeFiles/test.dir/home/taunoerik/pico/pico-sdk/src/rp2_common/hardware_irq/irq.c.obj
                0x0000000010001a28                irq_get_vtable_handler
 .text.irq_set_exclusive_handler
                0x0000000010001a38       0x54 CMakeFiles/test.dir/home/taunoerik/pico/pico-sdk/src/rp2_common/hardware_irq/irq.c.obj
                0x0000000010001a38                irq_set_exclusive_handler
 .text.irq_remove_handler
                0x0000000010001a8c      0x1c4 CMakeFiles/test.dir/home/taunoerik/pico/pico-sdk/src/rp2_common/hardware_irq/irq.c.obj
                0x0000000010001a8c                irq_remove_handler
 .text.irq_add_tail_to_free_list
                0x0000000010001c50       0xbc CMakeFiles/test.dir/home/taunoerik/pico/pico-sdk/src/rp2_common/hardware_irq/irq.c.obj
                0x0000000010001c50                irq_add_tail_to_free_list
 .text.irq_init_priorities
                0x0000000010001d0c       0x38 CMakeFiles/test.dir/home/taunoerik/pico/pico-sdk/src/rp2_common/hardware_irq/irq.c.obj
                0x0000000010001d0c                irq_init_priorities
 .text._out_char
                0x0000000010001d44       0x10 CMakeFiles/test.dir/home/taunoerik/pico/pico-sdk/src/rp2_common/pico_printf/printf.c.obj
 .text.weak_raw_vprintf
                0x0000000010001d54       0x30 CMakeFiles/test.dir/home/taunoerik/pico/pico-sdk/src/rp2_common/pico_printf/printf.c.obj
                0x0000000010001d54                weak_raw_vprintf
 .text          0x0000000010001d84       0x10 CMakeFiles/test.dir/home/taunoerik/pico/pico-sdk/src/rp2_common/pico_bit_ops/bit_ops_aeabi.S.obj
 .text.rom_func_lookup
                0x0000000010001d94       0x10 CMakeFiles/test.dir/home/taunoerik/pico/pico-sdk/src/rp2_common/pico_bootrom/bootrom.c.obj
                0x0000000010001d94                rom_func_lookup
 .text.rom_data_lookup
                0x0000000010001da4       0x10 CMakeFiles/test.dir/home/taunoerik/pico/pico-sdk/src/rp2_common/pico_bootrom/bootrom.c.obj
                0x0000000010001da4                rom_data_lookup
 .text.rom_funcs_lookup
                0x0000000010001db4       0x3c CMakeFiles/test.dir/home/taunoerik/pico/pico-sdk/src/rp2_common/pico_bootrom/bootrom.c.obj
                0x0000000010001db4                rom_funcs_lookup
 .text.__wrap___aeabi_uidiv
                0x0000000010001df0       0x54 CMakeFiles/test.dir/home/taunoerik/pico/pico-sdk/src/rp2_common/pico_divider/divider.S.obj
                0x0000000010001df0                __wrap___aeabi_uidiv
                0x0000000010001df0                __wrap___aeabi_uidivmod
                0x0000000010001df0                div_u32u32
                0x0000000010001df0                divmod_u32u32
                0x0000000010001df8                divmod_u32u32_unsafe
                0x0000000010001e20                divmod_u32u32_savestate
 .text.__aeabi_double_init
                0x0000000010001e44       0xac CMakeFiles/test.dir/home/taunoerik/pico/pico-sdk/src/rp2_common/pico_double/double_init_rom.c.obj
                0x0000000010001e44                __aeabi_double_init
 .text.double_table_shim_on_use_helper
                0x0000000010001ef0       0x2c CMakeFiles/test.dir/home/taunoerik/pico/pico-sdk/src/rp2_common/pico_double/double_v1_rom_shim.S.obj
                0x0000000010001ef0                double_table_shim_on_use_helper
 .text.__aeabi_lmul
                0x0000000010001f1c       0x32 CMakeFiles/test.dir/home/taunoerik/pico/pico-sdk/src/rp2_common/pico_int64_ops/pico_int64_ops_aeabi.S.obj
                0x0000000010001f1c                __wrap___aeabi_lmul
 *fill*         0x0000000010001f4e        0x2 
 .text.__aeabi_float_init
                0x0000000010001f50       0x64 CMakeFiles/test.dir/home/taunoerik/pico/pico-sdk/src/rp2_common/pico_float/float_init_rom.c.obj
                0x0000000010001f50                __aeabi_float_init
 .text.float_table_shim_on_use_helper
                0x0000000010001fb4       0x2c CMakeFiles/test.dir/home/taunoerik/pico/pico-sdk/src/rp2_common/pico_float/float_v1_rom_shim.S.obj
                0x0000000010001fb4                float_table_shim_on_use_helper
 .text.__wrap_malloc
                0x0000000010001fe0        0x8 CMakeFiles/test.dir/home/taunoerik/pico/pico-sdk/src/rp2_common/pico_malloc/pico_malloc.c.obj
                0x0000000010001fe0                __wrap_malloc
 .text.__wrap_calloc
                0x0000000010001fe8        0x8 CMakeFiles/test.dir/home/taunoerik/pico/pico-sdk/src/rp2_common/pico_malloc/pico_malloc.c.obj
                0x0000000010001fe8                __wrap_calloc
 .text          0x0000000010001ff0       0x10 CMakeFiles/test.dir/home/taunoerik/pico/pico-sdk/src/rp2_common/pico_mem_ops/mem_ops_aeabi.S.obj
                0x0000000010001ff0                __aeabi_mem_init
 .text.memset   0x0000000010002000        0xc CMakeFiles/test.dir/home/taunoerik/pico/pico-sdk/src/rp2_common/pico_mem_ops/mem_ops_aeabi.S.obj
                0x0000000010002000                __wrap_memset
 .text.memcpy   0x000000001000200c        0xc CMakeFiles/test.dir/home/taunoerik/pico/pico-sdk/src/rp2_common/pico_mem_ops/mem_ops_aeabi.S.obj
                0x000000001000200c                __wrap___aeabi_memcpy
                0x000000001000200c                __wrap_memcpy
 .text.stdio_out_chars_crlf.part.0
                0x0000000010002018       0x84 CMakeFiles/test.dir/home/taunoerik/pico/pico-sdk/src/rp2_common/pico_stdio/stdio.c.obj
 .text.stdio_put_string
                0x000000001000209c      0x100 CMakeFiles/test.dir/home/taunoerik/pico/pico-sdk/src/rp2_common/pico_stdio/stdio.c.obj
 .text.__wrap_putchar
                0x000000001000219c       0x1c CMakeFiles/test.dir/home/taunoerik/pico/pico-sdk/src/rp2_common/pico_stdio/stdio.c.obj
                0x000000001000219c                __wrap_putchar
 .text.__wrap_puts
                0x00000000100021b8       0x3c CMakeFiles/test.dir/home/taunoerik/pico/pico-sdk/src/rp2_common/pico_stdio/stdio.c.obj
                0x00000000100021b8                __wrap_puts
 .text.stdio_set_driver_enabled
                0x00000000100021f4       0x3c CMakeFiles/test.dir/home/taunoerik/pico/pico-sdk/src/rp2_common/pico_stdio/stdio.c.obj
                0x00000000100021f4                stdio_set_driver_enabled
 .text.stdio_init_all
                0x0000000010002230        0xc CMakeFiles/test.dir/home/taunoerik/pico/pico-sdk/src/rp2_common/pico_stdio/stdio.c.obj
                0x0000000010002230                stdio_init_all
 .text.stdio_uart_out_chars
                0x000000001000223c       0x3c CMakeFiles/test.dir/home/taunoerik/pico/pico-sdk/src/rp2_common/pico_stdio_uart/stdio_uart.c.obj
 .text.stdio_uart_in_chars
                0x0000000010002278       0x38 CMakeFiles/test.dir/home/taunoerik/pico/pico-sdk/src/rp2_common/pico_stdio_uart/stdio_uart.c.obj
                0x0000000010002278                stdio_uart_in_chars
 .text.stdio_uart_init
                0x00000000100022b0       0x40 CMakeFiles/test.dir/home/taunoerik/pico/pico-sdk/src/rp2_common/pico_stdio_uart/stdio_uart.c.obj
                0x00000000100022b0                stdio_uart_init
 .text.stdio_usb_in_chars
                0x00000000100022f0       0x68 CMakeFiles/test.dir/home/taunoerik/pico/pico-sdk/src/rp2_common/pico_stdio_usb/stdio_usb.c.obj
                0x00000000100022f0                stdio_usb_in_chars
 .text.stdio_usb_out_chars
                0x0000000010002358       0xec CMakeFiles/test.dir/home/taunoerik/pico/pico-sdk/src/rp2_common/pico_stdio_usb/stdio_usb.c.obj
 .text.timer_task
                0x0000000010002444       0x10 CMakeFiles/test.dir/home/taunoerik/pico/pico-sdk/src/rp2_common/pico_stdio_usb/stdio_usb.c.obj
 .text.low_priority_worker_irq
                0x0000000010002454       0x24 CMakeFiles/test.dir/home/taunoerik/pico/pico-sdk/src/rp2_common/pico_stdio_usb/stdio_usb.c.obj
 .text.stdio_usb_init
                0x0000000010002478       0x90 CMakeFiles/test.dir/home/taunoerik/pico/pico-sdk/src/rp2_common/pico_stdio_usb/stdio_usb.c.obj
                0x0000000010002478                stdio_usb_init
 .text.tud_descriptor_device_cb
                0x0000000010002508        0x8 CMakeFiles/test.dir/home/taunoerik/pico/pico-sdk/src/rp2_common/pico_stdio_usb/stdio_usb_descriptors.c.obj
                0x0000000010002508                tud_descriptor_device_cb
 .text.tud_descriptor_configuration_cb
                0x0000000010002510        0x8 CMakeFiles/test.dir/home/taunoerik/pico/pico-sdk/src/rp2_common/pico_stdio_usb/stdio_usb_descriptors.c.obj
                0x0000000010002510                tud_descriptor_configuration_cb
 .text.tud_descriptor_string_cb
                0x0000000010002518       0x5c CMakeFiles/test.dir/home/taunoerik/pico/pico-sdk/src/rp2_common/pico_stdio_usb/stdio_usb_descriptors.c.obj
                0x0000000010002518                tud_descriptor_string_cb
 .text.dcd_rp2040_irq
                0x0000000010002574      0x130 CMakeFiles/test.dir/home/taunoerik/pico/pico-sdk/lib/tinyusb/src/portable/raspberrypi/rp2040/dcd_rp2040.c.obj
 .text.dcd_int_enable
                0x00000000100026a4        0xc CMakeFiles/test.dir/home/taunoerik/pico/pico-sdk/lib/tinyusb/src/portable/raspberrypi/rp2040/dcd_rp2040.c.obj
                0x00000000100026a4                dcd_int_enable
 .text.dcd_set_address
                0x00000000100026b0       0x30 CMakeFiles/test.dir/home/taunoerik/pico/pico-sdk/lib/tinyusb/src/portable/raspberrypi/rp2040/dcd_rp2040.c.obj
                0x00000000100026b0                dcd_set_address
 .text.dcd_connect
                0x00000000100026e0       0x10 CMakeFiles/test.dir/home/taunoerik/pico/pico-sdk/lib/tinyusb/src/portable/raspberrypi/rp2040/dcd_rp2040.c.obj
                0x00000000100026e0                dcd_connect
 .text.dcd_init
                0x00000000100026f0       0xb0 CMakeFiles/test.dir/home/taunoerik/pico/pico-sdk/lib/tinyusb/src/portable/raspberrypi/rp2040/dcd_rp2040.c.obj
                0x00000000100026f0                dcd_init
 .text.dcd_edpt0_status_complete
                0x00000000100027a0       0x38 CMakeFiles/test.dir/home/taunoerik/pico/pico-sdk/lib/tinyusb/src/portable/raspberrypi/rp2040/dcd_rp2040.c.obj
                0x00000000100027a0                dcd_edpt0_status_complete
 .text.dcd_edpt_open
                0x00000000100027d8      0x148 CMakeFiles/test.dir/home/taunoerik/pico/pico-sdk/lib/tinyusb/src/portable/raspberrypi/rp2040/dcd_rp2040.c.obj
                0x00000000100027d8                dcd_edpt_open
 .text.dcd_edpt_xfer
                0x0000000010002920       0x2c CMakeFiles/test.dir/home/taunoerik/pico/pico-sdk/lib/tinyusb/src/portable/raspberrypi/rp2040/dcd_rp2040.c.obj
                0x0000000010002920                dcd_edpt_xfer
 .text.dcd_edpt_stall
                0x000000001000294c       0x50 CMakeFiles/test.dir/home/taunoerik/pico/pico-sdk/lib/tinyusb/src/portable/raspberrypi/rp2040/dcd_rp2040.c.obj
                0x000000001000294c                dcd_edpt_stall
 .text.dcd_edpt_clear_stall
                0x000000001000299c       0x50 CMakeFiles/test.dir/home/taunoerik/pico/pico-sdk/lib/tinyusb/src/portable/raspberrypi/rp2040/dcd_rp2040.c.obj
                0x000000001000299c                dcd_edpt_clear_stall
 .text.rp2040_usb_init
                0x00000000100029ec       0x50 CMakeFiles/test.dir/home/taunoerik/pico/pico-sdk/lib/tinyusb/src/portable/raspberrypi/rp2040/rp2040_usb.c.obj
                0x00000000100029ec                rp2040_usb_init
 .text.hw_endpoint_reset_transfer
                0x0000000010002a3c       0x14 CMakeFiles/test.dir/home/taunoerik/pico/pico-sdk/lib/tinyusb/src/portable/raspberrypi/rp2040/rp2040_usb.c.obj
                0x0000000010002a3c                hw_endpoint_reset_transfer
 .text._hw_endpoint_buffer_control_update32
                0x0000000010002a50       0x54 CMakeFiles/test.dir/home/taunoerik/pico/pico-sdk/lib/tinyusb/src/portable/raspberrypi/rp2040/rp2040_usb.c.obj
                0x0000000010002a50                _hw_endpoint_buffer_control_update32
 .text._hw_endpoint_xfer_continue
                0x0000000010002aa4      0x10c CMakeFiles/test.dir/home/taunoerik/pico/pico-sdk/lib/tinyusb/src/portable/raspberrypi/rp2040/rp2040_usb.c.obj
                0x0000000010002aa4                _hw_endpoint_xfer_continue
 .text._hw_endpoint_xfer
                0x0000000010002bb0       0xc0 CMakeFiles/test.dir/home/taunoerik/pico/pico-sdk/lib/tinyusb/src/portable/raspberrypi/rp2040/rp2040_usb.c.obj
                0x0000000010002bb0                _hw_endpoint_xfer
 .text.tud_mounted
                0x0000000010002c70       0x10 CMakeFiles/test.dir/home/taunoerik/pico/pico-sdk/lib/tinyusb/src/device/usbd.c.obj
                0x0000000010002c70                tud_mounted
 .text.tud_suspended
                0x0000000010002c80       0x10 CMakeFiles/test.dir/home/taunoerik/pico/pico-sdk/lib/tinyusb/src/device/usbd.c.obj
                0x0000000010002c80                tud_suspended
 .text.tud_init
                0x0000000010002c90       0xb0 CMakeFiles/test.dir/home/taunoerik/pico/pico-sdk/lib/tinyusb/src/device/usbd.c.obj
                0x0000000010002c90                tud_init
 .text.tud_task
                0x0000000010002d40      0x80c CMakeFiles/test.dir/home/taunoerik/pico/pico-sdk/lib/tinyusb/src/device/usbd.c.obj
                0x0000000010002d40                tud_task
 .text.dcd_event_bus_signal
                0x000000001000354c       0xe0 CMakeFiles/test.dir/home/taunoerik/pico/pico-sdk/lib/tinyusb/src/device/usbd.c.obj
                0x000000001000354c                dcd_event_bus_signal
 .text.dcd_event_setup_received
                0x000000001000362c       0x50 CMakeFiles/test.dir/home/taunoerik/pico/pico-sdk/lib/tinyusb/src/device/usbd.c.obj
                0x000000001000362c                dcd_event_setup_received
 .text.dcd_event_xfer_complete
                0x000000001000367c       0x68 CMakeFiles/test.dir/home/taunoerik/pico/pico-sdk/lib/tinyusb/src/device/usbd.c.obj
                0x000000001000367c                dcd_event_xfer_complete
 .text.usbd_open_edpt_pair
                0x00000000100036e4       0x68 CMakeFiles/test.dir/home/taunoerik/pico/pico-sdk/lib/tinyusb/src/device/usbd.c.obj
                0x00000000100036e4                usbd_open_edpt_pair
 .text.usbd_edpt_open
                0x000000001000374c        0x8 CMakeFiles/test.dir/home/taunoerik/pico/pico-sdk/lib/tinyusb/src/device/usbd.c.obj
                0x000000001000374c                usbd_edpt_open
 .text.usbd_edpt_claim
                0x0000000010003754       0x64 CMakeFiles/test.dir/home/taunoerik/pico/pico-sdk/lib/tinyusb/src/device/usbd.c.obj
                0x0000000010003754                usbd_edpt_claim
 .text.usbd_edpt_release
                0x00000000100037b8       0x4c CMakeFiles/test.dir/home/taunoerik/pico/pico-sdk/lib/tinyusb/src/device/usbd.c.obj
                0x00000000100037b8                usbd_edpt_release
 .text.usbd_edpt_xfer
                0x0000000010003804       0x48 CMakeFiles/test.dir/home/taunoerik/pico/pico-sdk/lib/tinyusb/src/device/usbd.c.obj
                0x0000000010003804                usbd_edpt_xfer
 .text.tud_control_status
                0x000000001000384c       0x30 CMakeFiles/test.dir/home/taunoerik/pico/pico-sdk/lib/tinyusb/src/device/usbd_control.c.obj
                0x000000001000384c                tud_control_status
 .text.tud_control_xfer
                0x000000001000387c       0xb8 CMakeFiles/test.dir/home/taunoerik/pico/pico-sdk/lib/tinyusb/src/device/usbd_control.c.obj
                0x000000001000387c                tud_control_xfer
 .text.usbd_control_reset
                0x0000000010003934       0x14 CMakeFiles/test.dir/home/taunoerik/pico/pico-sdk/lib/tinyusb/src/device/usbd_control.c.obj
                0x0000000010003934                usbd_control_reset
 .text.usbd_control_set_complete_callback
                0x0000000010003948        0xc CMakeFiles/test.dir/home/taunoerik/pico/pico-sdk/lib/tinyusb/src/device/usbd_control.c.obj
                0x0000000010003948                usbd_control_set_complete_callback
 .text.usbd_control_set_request
                0x0000000010003954       0x1c CMakeFiles/test.dir/home/taunoerik/pico/pico-sdk/lib/tinyusb/src/device/usbd_control.c.obj
                0x0000000010003954                usbd_control_set_request
 .text.usbd_control_xfer_cb
                0x0000000010003970       0xe8 CMakeFiles/test.dir/home/taunoerik/pico/pico-sdk/lib/tinyusb/src/device/usbd_control.c.obj
                0x0000000010003970                usbd_control_xfer_cb
 .text.tud_cdc_n_connected
                0x0000000010003a58       0x34 CMakeFiles/test.dir/home/taunoerik/pico/pico-sdk/lib/tinyusb/src/class/cdc/cdc_device.c.obj
                0x0000000010003a58                tud_cdc_n_connected
 .text.tud_cdc_n_available
                0x0000000010003a8c       0x20 CMakeFiles/test.dir/home/taunoerik/pico/pico-sdk/lib/tinyusb/src/class/cdc/cdc_device.c.obj
                0x0000000010003a8c                tud_cdc_n_available
 .text.tud_cdc_n_read
                0x0000000010003aac       0x74 CMakeFiles/test.dir/home/taunoerik/pico/pico-sdk/lib/tinyusb/src/class/cdc/cdc_device.c.obj
                0x0000000010003aac                tud_cdc_n_read
 .text.tud_cdc_n_write_flush
                0x0000000010003b20       0xa4 CMakeFiles/test.dir/home/taunoerik/pico/pico-sdk/lib/tinyusb/src/class/cdc/cdc_device.c.obj
                0x0000000010003b20                tud_cdc_n_write_flush
 .text.tud_cdc_n_write
                0x0000000010003bc4       0x38 CMakeFiles/test.dir/home/taunoerik/pico/pico-sdk/lib/tinyusb/src/class/cdc/cdc_device.c.obj
                0x0000000010003bc4                tud_cdc_n_write
 .text.tud_cdc_n_write_available
                0x0000000010003bfc       0x20 CMakeFiles/test.dir/home/taunoerik/pico/pico-sdk/lib/tinyusb/src/class/cdc/cdc_device.c.obj
                0x0000000010003bfc                tud_cdc_n_write_available
 .text.cdcd_init
                0x0000000010003c1c       0x78 CMakeFiles/test.dir/home/taunoerik/pico/pico-sdk/lib/tinyusb/src/class/cdc/cdc_device.c.obj
                0x0000000010003c1c                cdcd_init
 .text.cdcd_reset
                0x0000000010003c94       0x24 CMakeFiles/test.dir/home/taunoerik/pico/pico-sdk/lib/tinyusb/src/class/cdc/cdc_device.c.obj
                0x0000000010003c94                cdcd_reset
 .text.cdcd_open
                0x0000000010003cb8       0xec CMakeFiles/test.dir/home/taunoerik/pico/pico-sdk/lib/tinyusb/src/class/cdc/cdc_device.c.obj
                0x0000000010003cb8                cdcd_open
 .text.cdcd_control_complete
                0x0000000010003da4       0x44 CMakeFiles/test.dir/home/taunoerik/pico/pico-sdk/lib/tinyusb/src/class/cdc/cdc_device.c.obj
                0x0000000010003da4                cdcd_control_complete
 .text.cdcd_control_request
                0x0000000010003de8       0x68 CMakeFiles/test.dir/home/taunoerik/pico/pico-sdk/lib/tinyusb/src/class/cdc/cdc_device.c.obj
                0x0000000010003de8                cdcd_control_request
 .text.cdcd_xfer_cb
                0x0000000010003e50      0x1b4 CMakeFiles/test.dir/home/taunoerik/pico/pico-sdk/lib/tinyusb/src/class/cdc/cdc_device.c.obj
                0x0000000010003e50                cdcd_xfer_cb
 .text.tusb_init
                0x0000000010004004       0x20 CMakeFiles/test.dir/home/taunoerik/pico/pico-sdk/lib/tinyusb/src/tusb.c.obj
                0x0000000010004004                tusb_init
 .text.tusb_inited
                0x0000000010004024        0xc CMakeFiles/test.dir/home/taunoerik/pico/pico-sdk/lib/tinyusb/src/tusb.c.obj
                0x0000000010004024                tusb_inited
 .text.tu_fifo_config
                0x0000000010004030       0x78 CMakeFiles/test.dir/home/taunoerik/pico/pico-sdk/lib/tinyusb/src/common/tusb_fifo.c.obj
                0x0000000010004030                tu_fifo_config
 .text.tu_fifo_count
                0x00000000100040a8       0x18 CMakeFiles/test.dir/home/taunoerik/pico/pico-sdk/lib/tinyusb/src/common/tusb_fifo.c.obj
                0x00000000100040a8                tu_fifo_count
 .text.tu_fifo_remaining
                0x00000000100040c0       0x1c CMakeFiles/test.dir/home/taunoerik/pico/pico-sdk/lib/tinyusb/src/common/tusb_fifo.c.obj
                0x00000000100040c0                tu_fifo_remaining
 .text.tu_fifo_read
                0x00000000100040dc       0xa8 CMakeFiles/test.dir/home/taunoerik/pico/pico-sdk/lib/tinyusb/src/common/tusb_fifo.c.obj
                0x00000000100040dc                tu_fifo_read
 .text.tu_fifo_read_n
                0x0000000010004184       0xf0 CMakeFiles/test.dir/home/taunoerik/pico/pico-sdk/lib/tinyusb/src/common/tusb_fifo.c.obj
                0x0000000010004184                tu_fifo_read_n
 .text.tu_fifo_write
                0x0000000010004274       0x84 CMakeFiles/test.dir/home/taunoerik/pico/pico-sdk/lib/tinyusb/src/common/tusb_fifo.c.obj
                0x0000000010004274                tu_fifo_write
 .text.tu_fifo_write_n
                0x00000000100042f8       0xfc CMakeFiles/test.dir/home/taunoerik/pico/pico-sdk/lib/tinyusb/src/common/tusb_fifo.c.obj
                0x00000000100042f8                tu_fifo_write_n
 .text.tu_fifo_clear
                0x00000000100043f4       0x2c CMakeFiles/test.dir/home/taunoerik/pico/pico-sdk/lib/tinyusb/src/common/tusb_fifo.c.obj
                0x00000000100043f4                tu_fifo_clear
 .text          0x0000000010004420       0x18 /usr/lib/gcc/arm-none-eabi/9.2.1/../../../arm-none-eabi/lib/thumb/v6-m/nofp/libc.a(lib_a-calloc.o)
                0x0000000010004420                calloc
 .text          0x0000000010004438       0x5c /usr/lib/gcc/arm-none-eabi/9.2.1/../../../arm-none-eabi/lib/thumb/v6-m/nofp/libc.a(lib_a-callocr.o)
                0x0000000010004438                _calloc_r
 .text          0x0000000010004494       0x28 /usr/lib/gcc/arm-none-eabi/9.2.1/../../../arm-none-eabi/lib/thumb/v6-m/nofp/libc.a(lib_a-malloc.o)
                0x0000000010004494                malloc
                0x00000000100044a8                free
 .text          0x00000000100044bc      0x58c /usr/lib/gcc/arm-none-eabi/9.2.1/../../../arm-none-eabi/lib/thumb/v6-m/nofp/libc.a(lib_a-mallocr.o)
                0x00000000100044bc                _malloc_r
 .text          0x0000000010004a48        0x8 /usr/lib/gcc/arm-none-eabi/9.2.1/../../../arm-none-eabi/lib/thumb/v6-m/nofp/libc.a(lib_a-mlock.o)
                0x0000000010004a48                __malloc_lock
                0x0000000010004a4c                __malloc_unlock
 .text          0x0000000010004a50       0x24 /usr/lib/gcc/arm-none-eabi/9.2.1/../../../arm-none-eabi/lib/thumb/v6-m/nofp/libc.a(lib_a-sbrkr.o)
                0x0000000010004a50                _sbrk_r
 .text          0x0000000010004a74       0x68 /usr/lib/gcc/arm-none-eabi/9.2.1/../../../arm-none-eabi/lib/thumb/v6-m/nofp/libc.a(lib_a-strlen-stub.o)
                0x0000000010004a74                strlen
 .text          0x0000000010004adc      0x27c /usr/lib/gcc/arm-none-eabi/9.2.1/../../../arm-none-eabi/lib/thumb/v6-m/nofp/libc.a(lib_a-freer.o)
                0x0000000010004adc                _malloc_trim_r
                0x0000000010004b7c                _free_r
 *(.fini)
 .fini          0x0000000010004d58        0x4 /usr/lib/gcc/arm-none-eabi/9.2.1/thumb/v6-m/nofp/crti.o
                0x0000000010004d58                _fini
 *fill*         0x0000000010004d5c        0x4 
 .fini.__stub   0x0000000010004d60       0x50 linker stubs
 *crtbegin.o(.ctors)
 *crtbegin?.o(.ctors)
 *(EXCLUDE_FILE(*crtend.o *crtend?.o) .ctors)
 *(SORT_BY_NAME(.ctors.*))
 *(.ctors)
 *crtbegin.o(.dtors)
 *crtbegin?.o(.dtors)
 *(EXCLUDE_FILE(*crtend.o *crtend?.o) .dtors)
 *(SORT_BY_NAME(.dtors.*))
 *(.dtors)
 *(.eh_frame*)
 .eh_frame      0x0000000010004db0        0x0 /usr/lib/gcc/arm-none-eabi/9.2.1/thumb/v6-m/nofp/crtbegin.o
                0x0000000010004db0                . = ALIGN (0x4)

.glue_7         0x0000000010004db0        0x0
 .glue_7        0x0000000010004db0        0x0 linker stubs

.glue_7t        0x0000000010004db0        0x0
 .glue_7t       0x0000000010004db0        0x0 linker stubs

.vfp11_veneer   0x0000000010004db0        0x0
 .vfp11_veneer  0x0000000010004db0        0x0 linker stubs

.v4_bx          0x0000000010004db0        0x0
 .v4_bx         0x0000000010004db0        0x0 linker stubs

.iplt           0x0000000010004db0        0x0
 .iplt          0x0000000010004db0        0x0 /usr/lib/gcc/arm-none-eabi/9.2.1/thumb/v6-m/nofp/crtbegin.o

.rodata         0x0000000010004db0      0x368
 *(EXCLUDE_FILE(*libm.a: *libc.a:*lib_a-mem*.o *libgcc.a:) .rodata*)
 .rodata.main.str1.4
                0x0000000010004db0        0xd CMakeFiles/test.dir/test.cpp.obj
 *fill*         0x0000000010004dbd        0x3 
 .rodata.str1.4
                0x0000000010004dc0       0x2f CMakeFiles/test.dir/test.cpp.obj
 *fill*         0x0000000010004def        0x1 
 .rodata._ZZ4mainE7__bi_13
                0x0000000010004df0        0xc CMakeFiles/test.dir/test.cpp.obj
 .rodata._ZZ4mainE7__bi_14
                0x0000000010004dfc        0xc CMakeFiles/test.dir/test.cpp.obj
 .rodata._ZZ4mainE7__bi_15
                0x0000000010004e08        0xc CMakeFiles/test.dir/test.cpp.obj
 .rodata.spin_lock_claim_unused.str1.4
                0x0000000010004e14       0x1b CMakeFiles/test.dir/home/taunoerik/pico/pico-sdk/src/rp2_common/hardware_sync/sync.c.obj
 *fill*         0x0000000010004e2f        0x1 
 .rodata.hardware_alarm_claim.str1.4
                0x0000000010004e30       0x22 CMakeFiles/test.dir/home/taunoerik/pico/pico-sdk/src/rp2_common/hardware_timer/timer.c.obj
 *fill*         0x0000000010004e52        0x2 
 .rodata.panic.str1.4
                0x0000000010004e54       0x12 CMakeFiles/test.dir/home/taunoerik/pico/pico-sdk/src/rp2_common/pico_runtime/runtime.c.obj
 *fill*         0x0000000010004e66        0x2 
 .rodata.hard_assertion_failure.str1.4
                0x0000000010004e68        0xc CMakeFiles/test.dir/home/taunoerik/pico/pico-sdk/src/rp2_common/pico_runtime/runtime.c.obj
 .rodata.str1.4
                0x0000000010004e74       0x2c CMakeFiles/test.dir/home/taunoerik/pico/pico-sdk/src/rp2_common/pico_standard_link/binary_info.c.obj
 .rodata.__bi_40
                0x0000000010004ea0        0xc CMakeFiles/test.dir/home/taunoerik/pico/pico-sdk/src/rp2_common/pico_standard_link/binary_info.c.obj
 .rodata.__bi_71
                0x0000000010004eac        0xc CMakeFiles/test.dir/home/taunoerik/pico/pico-sdk/src/rp2_common/pico_standard_link/binary_info.c.obj
 .rodata.crlf_str.5959
                0x0000000010004eb8        0x2 CMakeFiles/test.dir/home/taunoerik/pico/pico-sdk/src/rp2_common/pico_stdio/stdio.c.obj
 *fill*         0x0000000010004eba        0x2 
 .rodata.str1.4
                0x0000000010004ebc       0x2c CMakeFiles/test.dir/home/taunoerik/pico/pico-sdk/src/rp2_common/pico_stdio_uart/stdio_uart.c.obj
 .rodata.__bi_27.4685
                0x0000000010004ee8        0xc CMakeFiles/test.dir/home/taunoerik/pico/pico-sdk/src/rp2_common/pico_stdio_uart/stdio_uart.c.obj
 .rodata.__bi_28.4689
                0x0000000010004ef4        0x8 CMakeFiles/test.dir/home/taunoerik/pico/pico-sdk/src/rp2_common/pico_stdio_uart/stdio_uart.c.obj
 .rodata.str1.4
                0x0000000010004efc       0x13 CMakeFiles/test.dir/home/taunoerik/pico/pico-sdk/src/rp2_common/pico_stdio_usb/stdio_usb.c.obj
 *fill*         0x0000000010004f0f        0x1 
 .rodata.__bi_93.6981
                0x0000000010004f10        0xc CMakeFiles/test.dir/home/taunoerik/pico/pico-sdk/src/rp2_common/pico_stdio_usb/stdio_usb.c.obj
 .rodata.str1.4
                0x0000000010004f1c       0x32 CMakeFiles/test.dir/home/taunoerik/pico/pico-sdk/src/rp2_common/pico_stdio_usb/stdio_usb_descriptors.c.obj
 *fill*         0x0000000010004f4e        0x2 
 .rodata.usbd_desc_cfg
                0x0000000010004f50       0x4b CMakeFiles/test.dir/home/taunoerik/pico/pico-sdk/src/rp2_common/pico_stdio_usb/stdio_usb_descriptors.c.obj
 *fill*         0x0000000010004f9b        0x1 
 .rodata.usbd_desc_device
                0x0000000010004f9c       0x12 CMakeFiles/test.dir/home/taunoerik/pico/pico-sdk/src/rp2_common/pico_stdio_usb/stdio_usb_descriptors.c.obj
 *fill*         0x0000000010004fae        0x2 
 .rodata.usbd_desc_str
                0x0000000010004fb0       0x14 CMakeFiles/test.dir/home/taunoerik/pico/pico-sdk/src/rp2_common/pico_stdio_usb/stdio_usb_descriptors.c.obj
 .rodata.dcd_rp2040_irq.str1.4
                0x0000000010004fc4       0x14 CMakeFiles/test.dir/home/taunoerik/pico/pico-sdk/lib/tinyusb/src/portable/raspberrypi/rp2040/dcd_rp2040.c.obj
 .rodata.dcd_edpt_open.str1.4
                0x0000000010004fd8       0x28 CMakeFiles/test.dir/home/taunoerik/pico/pico-sdk/lib/tinyusb/src/portable/raspberrypi/rp2040/dcd_rp2040.c.obj
 .rodata._hw_endpoint_buffer_control_update32.str1.4
                0x0000000010005000       0x1f CMakeFiles/test.dir/home/taunoerik/pico/pico-sdk/lib/tinyusb/src/portable/raspberrypi/rp2040/rp2040_usb.c.obj
 *fill*         0x000000001000501f        0x1 
 .rodata._hw_endpoint_xfer_continue.str1.4
                0x0000000010005020       0x50 CMakeFiles/test.dir/home/taunoerik/pico/pico-sdk/lib/tinyusb/src/portable/raspberrypi/rp2040/rp2040_usb.c.obj
 .rodata.str1.4
                0x0000000010005070       0x50 CMakeFiles/test.dir/home/taunoerik/pico/pico-sdk/lib/tinyusb/src/portable/raspberrypi/rp2040/rp2040_usb.c.obj
                                          0x7 (size before relaxing)
 .rodata.tud_task
                0x0000000010005070       0x8c CMakeFiles/test.dir/home/taunoerik/pico/pico-sdk/lib/tinyusb/src/device/usbd.c.obj
 .rodata._usbd_driver
                0x00000000100050fc       0x1c CMakeFiles/test.dir/home/taunoerik/pico/pico-sdk/lib/tinyusb/src/device/usbd.c.obj
                0x0000000010005118                . = ALIGN (0x4)
 *(SORT_BY_ALIGNMENT(SORT_BY_NAME(.flashdata*)))
                0x0000000010005118                . = ALIGN (0x4)

.rel.dyn        0x0000000010005118        0x0
 .rel.iplt      0x0000000010005118        0x0 /usr/lib/gcc/arm-none-eabi/9.2.1/thumb/v6-m/nofp/crtbegin.o

.ARM.extab
 *(.ARM.extab* .gnu.linkonce.armextab.*)
                0x0000000010005118                __exidx_start = .

.ARM.exidx
 *(.ARM.exidx* .gnu.linkonce.armexidx.*)
                0x0000000010005118                __exidx_end = .
                0x0000000010005118                . = ALIGN (0x4)
                0x0000000010005118                __binary_info_start = .

.binary_info    0x0000000010005118       0x30
 *(.binary_info.keep.*)
 .binary_info.keep.__bi_ptr13
                0x0000000010005118        0x4 CMakeFiles/test.dir/test.cpp.obj
 .binary_info.keep.__bi_ptr14
                0x000000001000511c        0x4 CMakeFiles/test.dir/test.cpp.obj
 .binary_info.keep.__bi_ptr15
                0x0000000010005120        0x4 CMakeFiles/test.dir/test.cpp.obj
 .binary_info.keep.__bi_ptr18
                0x0000000010005124        0x4 CMakeFiles/test.dir/home/taunoerik/pico/pico-sdk/src/rp2_common/pico_standard_link/binary_info.c.obj
 .binary_info.keep.__bi_ptr26
                0x0000000010005128        0x4 CMakeFiles/test.dir/home/taunoerik/pico/pico-sdk/src/rp2_common/pico_standard_link/binary_info.c.obj
 .binary_info.keep.__bi_ptr34
                0x000000001000512c        0x4 CMakeFiles/test.dir/home/taunoerik/pico/pico-sdk/src/rp2_common/pico_standard_link/binary_info.c.obj
 .binary_info.keep.__bi_ptr40
                0x0000000010005130        0x4 CMakeFiles/test.dir/home/taunoerik/pico/pico-sdk/src/rp2_common/pico_standard_link/binary_info.c.obj
 .binary_info.keep.__bi_ptr46
                0x0000000010005134        0x4 CMakeFiles/test.dir/home/taunoerik/pico/pico-sdk/src/rp2_common/pico_standard_link/binary_info.c.obj
 .binary_info.keep.__bi_ptr71
                0x0000000010005138        0x4 CMakeFiles/test.dir/home/taunoerik/pico/pico-sdk/src/rp2_common/pico_standard_link/binary_info.c.obj
 *(.binary_info.*)
 .binary_info.__bi_ptr27
                0x000000001000513c        0x4 CMakeFiles/test.dir/home/taunoerik/pico/pico-sdk/src/rp2_common/pico_stdio_uart/stdio_uart.c.obj
 .binary_info.__bi_ptr28
                0x0000000010005140        0x4 CMakeFiles/test.dir/home/taunoerik/pico/pico-sdk/src/rp2_common/pico_stdio_uart/stdio_uart.c.obj
 .binary_info.__bi_ptr93
                0x0000000010005144        0x4 CMakeFiles/test.dir/home/taunoerik/pico/pico-sdk/src/rp2_common/pico_stdio_usb/stdio_usb.c.obj
                0x0000000010005148                __binary_info_end = .
                0x0000000010005148                . = ALIGN (0x4)
                0x0000000010005148                __etext = .

.ram_vector_table
                0x0000000020000000       0xc0
 *(.ram_vector_table)
 .ram_vector_table
                0x0000000020000000       0xc0 CMakeFiles/test.dir/home/taunoerik/pico/pico-sdk/src/rp2_common/pico_runtime/runtime.c.obj
                0x0000000020000000                ram_vector_table

.data           0x00000000200000c0      0xaac load address 0x0000000010005148
                0x00000000200000c0                __data_start__ = .
 *(vtable)
 *(.time_critical*)
 .time_critical.mutex_enter_blocking
                0x00000000200000c0       0x4c CMakeFiles/test.dir/home/taunoerik/pico/pico-sdk/src/common/pico_sync/mutex.c.obj
                0x00000000200000c0                mutex_enter_blocking
 .time_critical.mutex_try_enter
                0x000000002000010c       0x48 CMakeFiles/test.dir/home/taunoerik/pico/pico-sdk/src/common/pico_sync/mutex.c.obj
                0x000000002000010c                mutex_try_enter
 .time_critical.mutex_enter_timeout_ms
                0x0000000020000154       0x98 CMakeFiles/test.dir/home/taunoerik/pico/pico-sdk/src/common/pico_sync/mutex.c.obj
                0x0000000020000154                mutex_enter_timeout_ms
 .time_critical.mutex_exit
                0x00000000200001ec       0x28 CMakeFiles/test.dir/home/taunoerik/pico/pico-sdk/src/common/pico_sync/mutex.c.obj
                0x00000000200001ec                mutex_exit
 *(.text*)
 .text          0x0000000020000214        0x4 /usr/lib/gcc/arm-none-eabi/9.2.1/thumb/v6-m/nofp/libgcc.a(_dvmd_tls.o)
                0x0000000020000214                __aeabi_ldiv0
                0x0000000020000214                __aeabi_idiv0
 .text.__stub   0x0000000020000218       0x30 linker stubs
                0x0000000020000248                . = ALIGN (0x4)
 *(.rodata*)
                0x0000000020000248                . = ALIGN (0x4)
 *(.data*)
 .data.striped_spin_lock_num
                0x0000000020000248        0x1 CMakeFiles/test.dir/home/taunoerik/pico/pico-sdk/src/rp2_common/hardware_sync/sync.c.obj
 *fill*         0x0000000020000249        0x3 
 .data          0x000000002000024c       0x48 CMakeFiles/test.dir/home/taunoerik/pico/pico-sdk/src/rp2_common/hardware_irq/irq_handler_chain.S.obj
                0x000000002000024c                irq_handler_chain_slots
                0x000000002000027c                irq_handler_chain_first_slot
                0x0000000020000286                irq_handler_chain_remove_tail
 *fill*         0x0000000020000294        0xc 
 .data.aeabi_bits_funcs
                0x00000000200002a0       0x10 CMakeFiles/test.dir/home/taunoerik/pico/pico-sdk/src/rp2_common/pico_bit_ops/bit_ops_aeabi.S.obj
                0x00000000200002a0                aeabi_bits_funcs
                0x00000000200002b0                aeabi_bits_funcs_end
 .data.aeabi_mem_funcs
                0x00000000200002b0       0x10 CMakeFiles/test.dir/home/taunoerik/pico/pico-sdk/src/rp2_common/pico_mem_ops/mem_ops_aeabi.S.obj
                0x00000000200002b0                aeabi_mem_funcs
                0x00000000200002c0                aeabi_mem_funcs_end
 .data.stdio_uart
                0x00000000200002c0       0x14 CMakeFiles/test.dir/home/taunoerik/pico/pico-sdk/src/rp2_common/pico_stdio_uart/stdio_uart.c.obj
                0x00000000200002c0                stdio_uart
 .data.stdio_usb
                0x00000000200002d4       0x14 CMakeFiles/test.dir/home/taunoerik/pico/pico-sdk/src/rp2_common/pico_stdio_usb/stdio_usb.c.obj
                0x00000000200002d4                stdio_usb
 .data.ep_dir_string
                0x00000000200002e8        0x8 CMakeFiles/test.dir/home/taunoerik/pico/pico-sdk/lib/tinyusb/src/portable/raspberrypi/rp2040/rp2040_usb.c.obj
                0x00000000200002e8                ep_dir_string
 .data._usbd_qdef
                0x00000000200002f0       0x20 CMakeFiles/test.dir/home/taunoerik/pico/pico-sdk/lib/tinyusb/src/device/usbd.c.obj
                0x00000000200002f0                _usbd_qdef
 .data          0x0000000020000310      0x430 /usr/lib/gcc/arm-none-eabi/9.2.1/../../../arm-none-eabi/lib/thumb/v6-m/nofp/libc.a(lib_a-impure.o)
                0x0000000020000310                _impure_ptr
 .data          0x0000000020000740      0x410 /usr/lib/gcc/arm-none-eabi/9.2.1/../../../arm-none-eabi/lib/thumb/v6-m/nofp/libc.a(lib_a-mallocr.o)
                0x0000000020000740                __malloc_sbrk_base
                0x0000000020000744                __malloc_trim_threshold
                0x0000000020000748                __malloc_av_
                0x0000000020000b50                . = ALIGN (0x4)
 *(.after_data.*)
                0x0000000020000b50                . = ALIGN (0x4)
                0x0000000020000b50                PROVIDE (__mutex_array_start = .)
 *(SORT_BY_NAME(.mutex_array.*))
 *(.mutex_array)
 .mutex_array   0x0000000020000b50        0x8 CMakeFiles/test.dir/home/taunoerik/pico/pico-sdk/src/rp2_common/pico_stdio/stdio.c.obj
                0x0000000020000b58                PROVIDE (__mutex_array_end = .)
                0x0000000020000b58                . = ALIGN (0x4)
                0x0000000020000b58                PROVIDE (__preinit_array_start = .)
 *(SORT_BY_NAME(.preinit_array.*))
 .preinit_array.00001
                0x0000000020000b58        0x4 CMakeFiles/test.dir/home/taunoerik/pico/pico-sdk/src/rp2_common/pico_mem_ops/mem_ops_aeabi.S.obj
 .preinit_array.00010
                0x0000000020000b5c        0x4 CMakeFiles/test.dir/home/taunoerik/pico/pico-sdk/src/rp2_common/pico_bit_ops/bit_ops_aeabi.S.obj
 .preinit_array.00020
                0x0000000020000b60        0x4 CMakeFiles/test.dir/home/taunoerik/pico/pico-sdk/src/rp2_common/pico_double/double_aeabi.S.obj
 .preinit_array.00020
                0x0000000020000b64        0x4 CMakeFiles/test.dir/home/taunoerik/pico/pico-sdk/src/rp2_common/pico_float/float_aeabi.S.obj
 *(.preinit_array)
                0x0000000020000b68                PROVIDE (__preinit_array_end = .)
                0x0000000020000b68                . = ALIGN (0x4)
                0x0000000020000b68                PROVIDE (__init_array_start = .)
 *(SORT_BY_NAME(.init_array.*))
 *(.init_array)
 .init_array    0x0000000020000b68        0x4 /usr/lib/gcc/arm-none-eabi/9.2.1/thumb/v6-m/nofp/crtbegin.o
                0x0000000020000b6c                PROVIDE (__init_array_end = .)
                0x0000000020000b6c                . = ALIGN (0x4)
                0x0000000020000b6c                PROVIDE (__fini_array_start = .)
 *(SORT_BY_NAME(.fini_array.*))
 *(.fini_array)
                0x0000000020000b6c                PROVIDE (__fini_array_end = .)
 *(.jcr)
                0x0000000020000b6c                . = ALIGN (0x4)
                0x0000000020000b6c                __data_end__ = .

.tm_clone_table
                0x0000000020000b6c        0x0 load address 0x0000000010005bf4
 .tm_clone_table
                0x0000000020000b6c        0x0 /usr/lib/gcc/arm-none-eabi/9.2.1/thumb/v6-m/nofp/crtbegin.o
 .tm_clone_table
                0x0000000020000b6c        0x0 /usr/lib/gcc/arm-none-eabi/9.2.1/thumb/v6-m/nofp/crtend.o

.igot.plt       0x0000000020000b6c        0x0 load address 0x0000000010005bf4
 .igot.plt      0x0000000020000b6c        0x0 /usr/lib/gcc/arm-none-eabi/9.2.1/thumb/v6-m/nofp/crtbegin.o

.uninitialized_data
                0x0000000020000b6c        0x0 load address 0x0000000010005bf4
                0x0000000020000b6c                . = ALIGN (0x4)
 *(.uninitialized_data*)

.scratch_x      0x0000000020040000        0x0 load address 0x0000000010005bf4
                0x0000000020040000                __scratch_x_start__ = .
 *(.scratch_x.*)
                0x0000000020040000                . = ALIGN (0x4)
                0x0000000020040000                __scratch_x_end__ = .
                0x0000000010005bf4                __scratch_x_source__ = LOADADDR (.scratch_x)

.scratch_y      0x0000000020041000        0x0 load address 0x0000000010005bf4
                0x0000000020041000                __scratch_y_start__ = .
 *(.scratch_y.*)
                0x0000000020041000                . = ALIGN (0x4)
                0x0000000020041000                __scratch_y_end__ = .
                0x0000000010005bf4                __scratch_y_source__ = LOADADDR (.scratch_y)

.bss            0x0000000020000b70      0xdc0
                0x0000000020000b70                . = ALIGN (0x4)
                0x0000000020000b70                __bss_start__ = .
 *(SORT_BY_ALIGNMENT(SORT_BY_NAME(.bss*)))
 .bss.last_avail_time.6960
                0x0000000020000b70        0x8 CMakeFiles/test.dir/home/taunoerik/pico/pico-sdk/src/rp2_common/pico_stdio_usb/stdio_usb.c.obj
 .bss           0x0000000020000b78       0x1c /usr/lib/gcc/arm-none-eabi/9.2.1/thumb/v6-m/nofp/crtbegin.o
 .bss           0x0000000020000b94       0x34 /usr/lib/gcc/arm-none-eabi/9.2.1/../../../arm-none-eabi/lib/thumb/v6-m/nofp/libc.a(lib_a-mallocr.o)
                0x0000000020000b94                __malloc_top_pad
                0x0000000020000b98                __malloc_current_mallinfo
                0x0000000020000bc0                __malloc_max_sbrked_mem
                0x0000000020000bc4                __malloc_max_total_mem
 .bss._app_driver
                0x0000000020000bc8        0x4 CMakeFiles/test.dir/home/taunoerik/pico/pico-sdk/lib/tinyusb/src/device/usbd.c.obj
 .bss._cdcd_itf
                0x0000000020000bcc      0x2d0 CMakeFiles/test.dir/home/taunoerik/pico/pico-sdk/lib/tinyusb/src/class/cdc/cdc_device.c.obj
 .bss._ctrl_xfer
                0x0000000020000e9c       0x14 CMakeFiles/test.dir/home/taunoerik/pico/pico-sdk/lib/tinyusb/src/device/usbd_control.c.obj
 .bss._ubsd_mutexdef
                0x0000000020000eb0        0x8 CMakeFiles/test.dir/home/taunoerik/pico/pico-sdk/lib/tinyusb/src/device/usbd.c.obj
 .bss._usbd_ctrl_buf
                0x0000000020000eb8       0x40 CMakeFiles/test.dir/home/taunoerik/pico/pico-sdk/lib/tinyusb/src/device/usbd_control.c.obj
 .bss._usbd_dev
                0x0000000020000ef8       0x37 CMakeFiles/test.dir/home/taunoerik/pico/pico-sdk/lib/tinyusb/src/device/usbd.c.obj
 *fill*         0x0000000020000f2f        0x1 
 .bss._usbd_mutex
                0x0000000020000f30        0x4 CMakeFiles/test.dir/home/taunoerik/pico/pico-sdk/lib/tinyusb/src/device/usbd.c.obj
 .bss._usbd_q   0x0000000020000f34        0x4 CMakeFiles/test.dir/home/taunoerik/pico/pico-sdk/lib/tinyusb/src/device/usbd.c.obj
 .bss.alarm_callbacks
                0x0000000020000f38       0x10 CMakeFiles/test.dir/home/taunoerik/pico/pico-sdk/src/rp2_common/hardware_timer/timer.c.obj
 .bss.claimed   0x0000000020000f48        0x4 CMakeFiles/test.dir/home/taunoerik/pico/pico-sdk/src/rp2_common/hardware_sync/sync.c.obj
 .bss.configured_freq
                0x0000000020000f4c       0x28 CMakeFiles/test.dir/home/taunoerik/pico/pico-sdk/src/rp2_common/hardware_clocks/clocks.c.obj
 .bss.default_alarm_pool
                0x0000000020000f74        0x4 CMakeFiles/test.dir/home/taunoerik/pico/pico-sdk/src/common/pico_time/time.c.obj
 .bss.desc_str.6843
                0x0000000020000f78       0x28 CMakeFiles/test.dir/home/taunoerik/pico/pico-sdk/src/rp2_common/pico_stdio_usb/stdio_usb_descriptors.c.obj
 .bss.drivers   0x0000000020000fa0        0x4 CMakeFiles/test.dir/home/taunoerik/pico/pico-sdk/src/rp2_common/pico_stdio/stdio.c.obj
 .bss.filter    0x0000000020000fa4        0x4 CMakeFiles/test.dir/home/taunoerik/pico/pico-sdk/src/rp2_common/pico_stdio/stdio.c.obj
 .bss.heap_end.5760
                0x0000000020000fa8        0x4 CMakeFiles/test.dir/home/taunoerik/pico/pico-sdk/src/rp2_common/pico_runtime/runtime.c.obj
 .bss.hw_endpoints
                0x0000000020000fac      0x680 CMakeFiles/test.dir/home/taunoerik/pico/pico-sdk/lib/tinyusb/src/portable/raspberrypi/rp2040/dcd_rp2040.c.obj
 .bss.lazy_vsnprintf
                0x000000002000162c        0x4 CMakeFiles/test.dir/home/taunoerik/pico/pico-sdk/src/rp2_common/pico_printf/printf.c.obj
 .bss.next_buffer_ptr
                0x0000000020001630        0x4 CMakeFiles/test.dir/home/taunoerik/pico/pico-sdk/lib/tinyusb/src/portable/raspberrypi/rp2040/dcd_rp2040.c.obj
 .bss.pools     0x0000000020001634       0x10 CMakeFiles/test.dir/home/taunoerik/pico/pico-sdk/src/common/pico_time/time.c.obj
 .bss.stdio_usb_mutex
                0x0000000020001644        0x8 CMakeFiles/test.dir/home/taunoerik/pico/pico-sdk/src/rp2_common/pico_stdio_usb/stdio_usb.c.obj
 .bss.target_hi
                0x000000002000164c       0x10 CMakeFiles/test.dir/home/taunoerik/pico/pico-sdk/src/rp2_common/hardware_timer/timer.c.obj
 .bss._app_driver_count
                0x000000002000165c        0x1 CMakeFiles/test.dir/home/taunoerik/pico/pico-sdk/lib/tinyusb/src/device/usbd.c.obj
 .bss._initialized
                0x000000002000165d        0x1 CMakeFiles/test.dir/home/taunoerik/pico/pico-sdk/lib/tinyusb/src/tusb.c.obj
 .bss.assigned_address
                0x000000002000165e        0x1 CMakeFiles/test.dir/home/taunoerik/pico/pico-sdk/lib/tinyusb/src/portable/raspberrypi/rp2040/dcd_rp2040.c.obj
 .bss.claimed   0x000000002000165f        0x1 CMakeFiles/test.dir/home/taunoerik/pico/pico-sdk/src/rp2_common/hardware_timer/timer.c.obj
 .bss.irq_hander_chain_free_slot_head
                0x0000000020001660        0x1 CMakeFiles/test.dir/home/taunoerik/pico/pico-sdk/src/rp2_common/hardware_irq/irq.c.obj
 .bss.timer_callbacks_pending
                0x0000000020001661        0x1 CMakeFiles/test.dir/home/taunoerik/pico/pico-sdk/src/rp2_common/hardware_timer/timer.c.obj
 *(COMMON)
 *fill*         0x0000000020001662        0x2 
 COMMON         0x0000000020001664        0x4 CMakeFiles/test.dir/home/taunoerik/pico/pico-sdk/src/rp2_common/hardware_uart/uart.c.obj
                0x0000000020001664                uart_char_to_line_feed
 COMMON         0x0000000020001668      0x100 CMakeFiles/test.dir/home/taunoerik/pico/pico-sdk/src/rp2_common/pico_double/double_init_rom.c.obj
                0x0000000020001668                sd_table
 COMMON         0x0000000020001768      0x104 CMakeFiles/test.dir/home/taunoerik/pico/pico-sdk/src/rp2_common/pico_float/float_init_rom.c.obj
                0x0000000020001768                sf_table
                0x0000000020001868                sf_clz_func
 COMMON         0x000000002000186c       0xc0 CMakeFiles/test.dir/home/taunoerik/pico/pico-sdk/lib/tinyusb/src/device/usbd.c.obj
                0x000000002000186c                _usbd_qdef_buf
 COMMON         0x000000002000192c        0x4 /usr/lib/gcc/arm-none-eabi/9.2.1/../../../arm-none-eabi/lib/thumb/v6-m/nofp/libc.a(lib_a-reent.o)
                0x000000002000192c                errno
                0x0000000020001930                . = ALIGN (0x4)
                0x0000000020001930                __bss_end__ = .

.heap           0x0000000020001930      0x800
                0x0000000020001930                __end__ = .
                0x0000000020001930                end = __end__
 *(.heap*)
 .heap          0x0000000020001930      0x800 CMakeFiles/test.dir/home/taunoerik/pico/pico-sdk/src/rp2_common/pico_standard_link/crt0.S.obj
                0x0000000020002130                __HeapLimit = .

.stack1_dummy   0x0000000020040000        0x0
 *(.stack1*)

.stack_dummy    0x0000000020041000      0x800
 *(.stack*)
 .stack         0x0000000020041000      0x800 CMakeFiles/test.dir/home/taunoerik/pico/pico-sdk/src/rp2_common/pico_standard_link/crt0.S.obj

.flash_end      0x0000000010005bf4        0x0
                0x0000000010005bf4                __flash_binary_end = .
                0x0000000020040000                __StackLimit = (ORIGIN (RAM) + LENGTH (RAM))
                0x0000000020041000                __StackOneTop = (ORIGIN (SCRATCH_X) + LENGTH (SCRATCH_X))
                0x0000000020042000                __StackTop = (ORIGIN (SCRATCH_Y) + LENGTH (SCRATCH_Y))
                0x0000000020041000                __StackOneBottom = (__StackOneTop - SIZEOF (.stack1_dummy))
                0x0000000020041800                __StackBottom = (__StackTop - SIZEOF (.stack_dummy))
                0x0000000020042000                PROVIDE (__stack = __StackTop)
                0x0000000000000001                ASSERT ((__StackLimit >= __HeapLimit), region RAM overflowed)
                0x0000000000000001                ASSERT (((__binary_info_header_end - __logical_binary_start) <= 0x100), Binary info must be in first 256 bytes of the binary)
LOAD CMakeFiles/test.dir/test.cpp.obj
LOAD CMakeFiles/test.dir/home/taunoerik/pico/pico-sdk/src/rp2_common/pico_stdlib/stdlib.c.obj
LOAD CMakeFiles/test.dir/home/taunoerik/pico/pico-sdk/src/rp2_common/hardware_gpio/gpio.c.obj
LOAD CMakeFiles/test.dir/home/taunoerik/pico/pico-sdk/src/rp2_common/hardware_claim/claim.c.obj
LOAD CMakeFiles/test.dir/home/taunoerik/pico/pico-sdk/src/rp2_common/hardware_sync/sync.c.obj
LOAD CMakeFiles/test.dir/home/taunoerik/pico/pico-sdk/src/rp2_common/pico_platform/platform.c.obj
LOAD CMakeFiles/test.dir/home/taunoerik/pico/pico-sdk/src/rp2_common/hardware_uart/uart.c.obj
LOAD CMakeFiles/test.dir/home/taunoerik/pico/pico-sdk/src/rp2_common/hardware_divider/divider.S.obj
LOAD CMakeFiles/test.dir/home/taunoerik/pico/pico-sdk/src/common/pico_time/time.c.obj
LOAD CMakeFiles/test.dir/home/taunoerik/pico/pico-sdk/src/common/pico_time/timeout_helper.c.obj
LOAD CMakeFiles/test.dir/home/taunoerik/pico/pico-sdk/src/rp2_common/hardware_timer/timer.c.obj
LOAD CMakeFiles/test.dir/home/taunoerik/pico/pico-sdk/src/common/pico_sync/sem.c.obj
LOAD CMakeFiles/test.dir/home/taunoerik/pico/pico-sdk/src/common/pico_sync/lock_core.c.obj
LOAD CMakeFiles/test.dir/home/taunoerik/pico/pico-sdk/src/common/pico_sync/mutex.c.obj
LOAD CMakeFiles/test.dir/home/taunoerik/pico/pico-sdk/src/common/pico_sync/critical_section.c.obj
LOAD CMakeFiles/test.dir/home/taunoerik/pico/pico-sdk/src/common/pico_util/datetime.c.obj
LOAD CMakeFiles/test.dir/home/taunoerik/pico/pico-sdk/src/common/pico_util/pheap.c.obj
LOAD CMakeFiles/test.dir/home/taunoerik/pico/pico-sdk/src/common/pico_util/queue.c.obj
LOAD CMakeFiles/test.dir/home/taunoerik/pico/pico-sdk/src/rp2_common/pico_runtime/runtime.c.obj
LOAD CMakeFiles/test.dir/home/taunoerik/pico/pico-sdk/src/rp2_common/hardware_clocks/clocks.c.obj
LOAD CMakeFiles/test.dir/home/taunoerik/pico/pico-sdk/src/rp2_common/hardware_watchdog/watchdog.c.obj
LOAD CMakeFiles/test.dir/home/taunoerik/pico/pico-sdk/src/rp2_common/hardware_xosc/xosc.c.obj
LOAD CMakeFiles/test.dir/home/taunoerik/pico/pico-sdk/src/rp2_common/hardware_pll/pll.c.obj
LOAD CMakeFiles/test.dir/home/taunoerik/pico/pico-sdk/src/rp2_common/hardware_vreg/vreg.c.obj
LOAD CMakeFiles/test.dir/home/taunoerik/pico/pico-sdk/src/rp2_common/hardware_irq/irq.c.obj
LOAD CMakeFiles/test.dir/home/taunoerik/pico/pico-sdk/src/rp2_common/hardware_irq/irq_handler_chain.S.obj
LOAD CMakeFiles/test.dir/home/taunoerik/pico/pico-sdk/src/rp2_common/pico_printf/printf.c.obj
LOAD CMakeFiles/test.dir/home/taunoerik/pico/pico-sdk/src/rp2_common/pico_bit_ops/bit_ops_aeabi.S.obj
LOAD CMakeFiles/test.dir/home/taunoerik/pico/pico-sdk/src/rp2_common/pico_bootrom/bootrom.c.obj
LOAD CMakeFiles/test.dir/home/taunoerik/pico/pico-sdk/src/rp2_common/pico_divider/divider.S.obj
LOAD CMakeFiles/test.dir/home/taunoerik/pico/pico-sdk/src/rp2_common/pico_double/double_aeabi.S.obj
LOAD CMakeFiles/test.dir/home/taunoerik/pico/pico-sdk/src/rp2_common/pico_double/double_init_rom.c.obj
LOAD CMakeFiles/test.dir/home/taunoerik/pico/pico-sdk/src/rp2_common/pico_double/double_math.c.obj
LOAD CMakeFiles/test.dir/home/taunoerik/pico/pico-sdk/src/rp2_common/pico_double/double_v1_rom_shim.S.obj
LOAD CMakeFiles/test.dir/home/taunoerik/pico/pico-sdk/src/rp2_common/pico_int64_ops/pico_int64_ops_aeabi.S.obj
LOAD CMakeFiles/test.dir/home/taunoerik/pico/pico-sdk/src/rp2_common/pico_float/float_aeabi.S.obj
LOAD CMakeFiles/test.dir/home/taunoerik/pico/pico-sdk/src/rp2_common/pico_float/float_init_rom.c.obj
LOAD CMakeFiles/test.dir/home/taunoerik/pico/pico-sdk/src/rp2_common/pico_float/float_math.c.obj
LOAD CMakeFiles/test.dir/home/taunoerik/pico/pico-sdk/src/rp2_common/pico_float/float_v1_rom_shim.S.obj
LOAD CMakeFiles/test.dir/home/taunoerik/pico/pico-sdk/src/rp2_common/pico_malloc/pico_malloc.c.obj
LOAD CMakeFiles/test.dir/home/taunoerik/pico/pico-sdk/src/rp2_common/pico_mem_ops/mem_ops_aeabi.S.obj
LOAD CMakeFiles/test.dir/home/taunoerik/pico/pico-sdk/src/rp2_common/pico_standard_link/crt0.S.obj
LOAD CMakeFiles/test.dir/home/taunoerik/pico/pico-sdk/src/rp2_common/pico_standard_link/new_delete.cpp.obj
LOAD CMakeFiles/test.dir/home/taunoerik/pico/pico-sdk/src/rp2_common/pico_standard_link/binary_info.c.obj
LOAD CMakeFiles/test.dir/home/taunoerik/pico/pico-sdk/src/rp2_common/pico_stdio/stdio.c.obj
LOAD CMakeFiles/test.dir/home/taunoerik/pico/pico-sdk/src/rp2_common/pico_stdio_uart/stdio_uart.c.obj
LOAD CMakeFiles/test.dir/home/taunoerik/pico/pico-sdk/src/rp2_common/pico_stdio_usb/stdio_usb.c.obj
LOAD CMakeFiles/test.dir/home/taunoerik/pico/pico-sdk/src/rp2_common/pico_stdio_usb/stdio_usb_descriptors.c.obj
LOAD CMakeFiles/test.dir/home/taunoerik/pico/pico-sdk/lib/tinyusb/src/portable/raspberrypi/rp2040/dcd_rp2040.c.obj
LOAD CMakeFiles/test.dir/home/taunoerik/pico/pico-sdk/lib/tinyusb/src/portable/raspberrypi/rp2040/rp2040_usb.c.obj
LOAD CMakeFiles/test.dir/home/taunoerik/pico/pico-sdk/lib/tinyusb/src/device/usbd.c.obj
LOAD CMakeFiles/test.dir/home/taunoerik/pico/pico-sdk/lib/tinyusb/src/device/usbd_control.c.obj
LOAD CMakeFiles/test.dir/home/taunoerik/pico/pico-sdk/lib/tinyusb/src/class/audio/audio_device.c.obj
LOAD CMakeFiles/test.dir/home/taunoerik/pico/pico-sdk/lib/tinyusb/src/class/cdc/cdc_device.c.obj
LOAD CMakeFiles/test.dir/home/taunoerik/pico/pico-sdk/lib/tinyusb/src/class/dfu/dfu_rt_device.c.obj
LOAD CMakeFiles/test.dir/home/taunoerik/pico/pico-sdk/lib/tinyusb/src/class/hid/hid_device.c.obj
LOAD CMakeFiles/test.dir/home/taunoerik/pico/pico-sdk/lib/tinyusb/src/class/midi/midi_device.c.obj
LOAD CMakeFiles/test.dir/home/taunoerik/pico/pico-sdk/lib/tinyusb/src/class/msc/msc_device.c.obj
LOAD CMakeFiles/test.dir/home/taunoerik/pico/pico-sdk/lib/tinyusb/src/class/net/net_device.c.obj
LOAD CMakeFiles/test.dir/home/taunoerik/pico/pico-sdk/lib/tinyusb/src/class/usbtmc/usbtmc_device.c.obj
LOAD CMakeFiles/test.dir/home/taunoerik/pico/pico-sdk/lib/tinyusb/src/class/vendor/vendor_device.c.obj
LOAD CMakeFiles/test.dir/home/taunoerik/pico/pico-sdk/lib/tinyusb/src/tusb.c.obj
LOAD CMakeFiles/test.dir/home/taunoerik/pico/pico-sdk/lib/tinyusb/src/common/tusb_fifo.c.obj
LOAD CMakeFiles/test.dir/home/taunoerik/pico/pico-sdk/src/rp2_common/pico_fix/rp2040_usb_device_enumeration/rp2040_usb_device_enumeration.c.obj
LOAD /tmp/ccPfGsF4.o
LOAD /usr/lib/gcc/arm-none-eabi/9.2.1/../../../arm-none-eabi/lib/thumb/v6-m/nofp/libstdc++.a
LOAD /usr/lib/gcc/arm-none-eabi/9.2.1/../../../arm-none-eabi/lib/thumb/v6-m/nofp/libm.a
START GROUP
LOAD /usr/lib/gcc/arm-none-eabi/9.2.1/thumb/v6-m/nofp/libgcc.a
LOAD /usr/lib/gcc/arm-none-eabi/9.2.1/../../../arm-none-eabi/lib/thumb/v6-m/nofp/libc.a
END GROUP
START GROUP
LOAD /usr/lib/gcc/arm-none-eabi/9.2.1/thumb/v6-m/nofp/libgcc.a
LOAD /usr/lib/gcc/arm-none-eabi/9.2.1/../../../arm-none-eabi/lib/thumb/v6-m/nofp/libc.a
LOAD /usr/lib/gcc/arm-none-eabi/9.2.1/../../../arm-none-eabi/lib/thumb/v6-m/nofp/libnosys.a
END GROUP
LOAD /usr/lib/gcc/arm-none-eabi/9.2.1/thumb/v6-m/nofp/crtend.o
LOAD /usr/lib/gcc/arm-none-eabi/9.2.1/thumb/v6-m/nofp/crtn.o
OUTPUT(test.elf elf32-littlearm)
LOAD linker stubs

.ARM.attributes
                0x0000000000000000       0x28
 .ARM.attributes
                0x0000000000000000       0x1e /usr/lib/gcc/arm-none-eabi/9.2.1/thumb/v6-m/nofp/crti.o
 .ARM.attributes
                0x000000000000001e       0x2c /usr/lib/gcc/arm-none-eabi/9.2.1/thumb/v6-m/nofp/crtbegin.o
 .ARM.attributes
                0x000000000000004a       0x2b CMakeFiles/test.dir/test.cpp.obj
 .ARM.attributes
                0x0000000000000075       0x2b CMakeFiles/test.dir/home/taunoerik/pico/pico-sdk/src/rp2_common/hardware_gpio/gpio.c.obj
 .ARM.attributes
                0x00000000000000a0       0x2b CMakeFiles/test.dir/home/taunoerik/pico/pico-sdk/src/rp2_common/hardware_claim/claim.c.obj
 .ARM.attributes
                0x00000000000000cb       0x2b CMakeFiles/test.dir/home/taunoerik/pico/pico-sdk/src/rp2_common/hardware_sync/sync.c.obj
 .ARM.attributes
                0x00000000000000f6       0x2b CMakeFiles/test.dir/home/taunoerik/pico/pico-sdk/src/rp2_common/pico_platform/platform.c.obj
 .ARM.attributes
                0x0000000000000121       0x2b CMakeFiles/test.dir/home/taunoerik/pico/pico-sdk/src/rp2_common/hardware_uart/uart.c.obj
 .ARM.attributes
                0x000000000000014c       0x2b CMakeFiles/test.dir/home/taunoerik/pico/pico-sdk/src/common/pico_time/time.c.obj
 .ARM.attributes
                0x0000000000000177       0x2b CMakeFiles/test.dir/home/taunoerik/pico/pico-sdk/src/rp2_common/hardware_timer/timer.c.obj
 .ARM.attributes
                0x00000000000001a2       0x2b CMakeFiles/test.dir/home/taunoerik/pico/pico-sdk/src/common/pico_sync/lock_core.c.obj
 .ARM.attributes
                0x00000000000001cd       0x2b CMakeFiles/test.dir/home/taunoerik/pico/pico-sdk/src/common/pico_sync/mutex.c.obj
 .ARM.attributes
                0x00000000000001f8       0x2b CMakeFiles/test.dir/home/taunoerik/pico/pico-sdk/src/common/pico_sync/critical_section.c.obj
 .ARM.attributes
                0x0000000000000223       0x2b CMakeFiles/test.dir/home/taunoerik/pico/pico-sdk/src/common/pico_util/pheap.c.obj
 .ARM.attributes
                0x000000000000024e       0x2b CMakeFiles/test.dir/home/taunoerik/pico/pico-sdk/src/rp2_common/pico_runtime/runtime.c.obj
 .ARM.attributes
                0x0000000000000279       0x2b CMakeFiles/test.dir/home/taunoerik/pico/pico-sdk/src/rp2_common/hardware_clocks/clocks.c.obj
 .ARM.attributes
                0x00000000000002a4       0x2b CMakeFiles/test.dir/home/taunoerik/pico/pico-sdk/src/rp2_common/hardware_watchdog/watchdog.c.obj
 .ARM.attributes
                0x00000000000002cf       0x2b CMakeFiles/test.dir/home/taunoerik/pico/pico-sdk/src/rp2_common/hardware_xosc/xosc.c.obj
 .ARM.attributes
                0x00000000000002fa       0x2b CMakeFiles/test.dir/home/taunoerik/pico/pico-sdk/src/rp2_common/hardware_pll/pll.c.obj
 .ARM.attributes
                0x0000000000000325       0x2b CMakeFiles/test.dir/home/taunoerik/pico/pico-sdk/src/rp2_common/hardware_irq/irq.c.obj
 .ARM.attributes
                0x0000000000000350       0x22 CMakeFiles/test.dir/home/taunoerik/pico/pico-sdk/src/rp2_common/hardware_irq/irq_handler_chain.S.obj
 .ARM.attributes
                0x0000000000000372       0x2b CMakeFiles/test.dir/home/taunoerik/pico/pico-sdk/src/rp2_common/pico_printf/printf.c.obj
 .ARM.attributes
                0x000000000000039d       0x22 CMakeFiles/test.dir/home/taunoerik/pico/pico-sdk/src/rp2_common/pico_bit_ops/bit_ops_aeabi.S.obj
 .ARM.attributes
                0x00000000000003bf       0x2b CMakeFiles/test.dir/home/taunoerik/pico/pico-sdk/src/rp2_common/pico_bootrom/bootrom.c.obj
 .ARM.attributes
                0x00000000000003ea       0x22 CMakeFiles/test.dir/home/taunoerik/pico/pico-sdk/src/rp2_common/pico_divider/divider.S.obj
 .ARM.attributes
                0x000000000000040c       0x22 CMakeFiles/test.dir/home/taunoerik/pico/pico-sdk/src/rp2_common/pico_double/double_aeabi.S.obj
 .ARM.attributes
                0x000000000000042e       0x2b CMakeFiles/test.dir/home/taunoerik/pico/pico-sdk/src/rp2_common/pico_double/double_init_rom.c.obj
 .ARM.attributes
                0x0000000000000459       0x22 CMakeFiles/test.dir/home/taunoerik/pico/pico-sdk/src/rp2_common/pico_double/double_v1_rom_shim.S.obj
 .ARM.attributes
                0x000000000000047b       0x22 CMakeFiles/test.dir/home/taunoerik/pico/pico-sdk/src/rp2_common/pico_int64_ops/pico_int64_ops_aeabi.S.obj
 .ARM.attributes
                0x000000000000049d       0x22 CMakeFiles/test.dir/home/taunoerik/pico/pico-sdk/src/rp2_common/pico_float/float_aeabi.S.obj
 .ARM.attributes
                0x00000000000004bf       0x2b CMakeFiles/test.dir/home/taunoerik/pico/pico-sdk/src/rp2_common/pico_float/float_init_rom.c.obj
 .ARM.attributes
                0x00000000000004ea       0x22 CMakeFiles/test.dir/home/taunoerik/pico/pico-sdk/src/rp2_common/pico_float/float_v1_rom_shim.S.obj
 .ARM.attributes
                0x000000000000050c       0x2b CMakeFiles/test.dir/home/taunoerik/pico/pico-sdk/src/rp2_common/pico_malloc/pico_malloc.c.obj
 .ARM.attributes
                0x0000000000000537       0x22 CMakeFiles/test.dir/home/taunoerik/pico/pico-sdk/src/rp2_common/pico_mem_ops/mem_ops_aeabi.S.obj
 .ARM.attributes
                0x0000000000000559       0x22 CMakeFiles/test.dir/home/taunoerik/pico/pico-sdk/src/rp2_common/pico_standard_link/crt0.S.obj
 .ARM.attributes
                0x000000000000057b       0x32 CMakeFiles/test.dir/home/taunoerik/pico/pico-sdk/src/rp2_common/pico_standard_link/binary_info.c.obj
 .ARM.attributes
                0x00000000000005ad       0x2b CMakeFiles/test.dir/home/taunoerik/pico/pico-sdk/src/rp2_common/pico_stdio/stdio.c.obj
 .ARM.attributes
                0x00000000000005d8       0x2b CMakeFiles/test.dir/home/taunoerik/pico/pico-sdk/src/rp2_common/pico_stdio_uart/stdio_uart.c.obj
 .ARM.attributes
                0x0000000000000603       0x2b CMakeFiles/test.dir/home/taunoerik/pico/pico-sdk/src/rp2_common/pico_stdio_usb/stdio_usb.c.obj
 .ARM.attributes
                0x000000000000062e       0x2b CMakeFiles/test.dir/home/taunoerik/pico/pico-sdk/src/rp2_common/pico_stdio_usb/stdio_usb_descriptors.c.obj
 .ARM.attributes
                0x0000000000000659       0x2b CMakeFiles/test.dir/home/taunoerik/pico/pico-sdk/lib/tinyusb/src/portable/raspberrypi/rp2040/dcd_rp2040.c.obj
 .ARM.attributes
                0x0000000000000684       0x2b CMakeFiles/test.dir/home/taunoerik/pico/pico-sdk/lib/tinyusb/src/portable/raspberrypi/rp2040/rp2040_usb.c.obj
 .ARM.attributes
                0x00000000000006af       0x2b CMakeFiles/test.dir/home/taunoerik/pico/pico-sdk/lib/tinyusb/src/device/usbd.c.obj
 .ARM.attributes
                0x00000000000006da       0x2b CMakeFiles/test.dir/home/taunoerik/pico/pico-sdk/lib/tinyusb/src/device/usbd_control.c.obj
 .ARM.attributes
                0x0000000000000705       0x2b CMakeFiles/test.dir/home/taunoerik/pico/pico-sdk/lib/tinyusb/src/class/cdc/cdc_device.c.obj
 .ARM.attributes
                0x0000000000000730       0x2b CMakeFiles/test.dir/home/taunoerik/pico/pico-sdk/lib/tinyusb/src/tusb.c.obj
 .ARM.attributes
                0x000000000000075b       0x2b CMakeFiles/test.dir/home/taunoerik/pico/pico-sdk/lib/tinyusb/src/common/tusb_fifo.c.obj
 .ARM.attributes
                0x0000000000000786       0x22 /tmp/ccPfGsF4.o
 .ARM.attributes
                0x00000000000007a8       0x1e /usr/lib/gcc/arm-none-eabi/9.2.1/thumb/v6-m/nofp/libgcc.a(_dvmd_tls.o)
 .ARM.attributes
                0x00000000000007c6       0x2c /usr/lib/gcc/arm-none-eabi/9.2.1/../../../arm-none-eabi/lib/thumb/v6-m/nofp/libc.a(lib_a-calloc.o)
 .ARM.attributes
                0x00000000000007f2       0x2c /usr/lib/gcc/arm-none-eabi/9.2.1/../../../arm-none-eabi/lib/thumb/v6-m/nofp/libc.a(lib_a-callocr.o)
 .ARM.attributes
                0x000000000000081e       0x2c /usr/lib/gcc/arm-none-eabi/9.2.1/../../../arm-none-eabi/lib/thumb/v6-m/nofp/libc.a(lib_a-impure.o)
 .ARM.attributes
                0x000000000000084a       0x2c /usr/lib/gcc/arm-none-eabi/9.2.1/../../../arm-none-eabi/lib/thumb/v6-m/nofp/libc.a(lib_a-malloc.o)
 .ARM.attributes
                0x0000000000000876       0x2c /usr/lib/gcc/arm-none-eabi/9.2.1/../../../arm-none-eabi/lib/thumb/v6-m/nofp/libc.a(lib_a-mallocr.o)
 .ARM.attributes
                0x00000000000008a2       0x2c /usr/lib/gcc/arm-none-eabi/9.2.1/../../../arm-none-eabi/lib/thumb/v6-m/nofp/libc.a(lib_a-mlock.o)
 .ARM.attributes
                0x00000000000008ce       0x2c /usr/lib/gcc/arm-none-eabi/9.2.1/../../../arm-none-eabi/lib/thumb/v6-m/nofp/libc.a(lib_a-sbrkr.o)
 .ARM.attributes
                0x00000000000008fa       0x2c /usr/lib/gcc/arm-none-eabi/9.2.1/../../../arm-none-eabi/lib/thumb/v6-m/nofp/libc.a(lib_a-strlen-stub.o)
 .ARM.attributes
                0x0000000000000926       0x2c /usr/lib/gcc/arm-none-eabi/9.2.1/../../../arm-none-eabi/lib/thumb/v6-m/nofp/libc.a(lib_a-freer.o)
 .ARM.attributes
                0x0000000000000952       0x2c /usr/lib/gcc/arm-none-eabi/9.2.1/../../../arm-none-eabi/lib/thumb/v6-m/nofp/libc.a(lib_a-reent.o)
 .ARM.attributes
                0x000000000000097e       0x2c /usr/lib/gcc/arm-none-eabi/9.2.1/thumb/v6-m/nofp/crtend.o

.comment        0x0000000000000000       0xa7
 .comment       0x0000000000000000       0x59 /usr/lib/gcc/arm-none-eabi/9.2.1/thumb/v6-m/nofp/crtbegin.o
                                         0x5a (size before relaxing)
 .comment       0x0000000000000059       0x5a CMakeFiles/test.dir/test.cpp.obj
 .comment       0x0000000000000059       0x5a CMakeFiles/test.dir/home/taunoerik/pico/pico-sdk/src/rp2_common/hardware_gpio/gpio.c.obj
 .comment       0x0000000000000059       0x5a CMakeFiles/test.dir/home/taunoerik/pico/pico-sdk/src/rp2_common/hardware_claim/claim.c.obj
 .comment       0x0000000000000059       0x5a CMakeFiles/test.dir/home/taunoerik/pico/pico-sdk/src/rp2_common/hardware_sync/sync.c.obj
 .comment       0x0000000000000059       0x5a CMakeFiles/test.dir/home/taunoerik/pico/pico-sdk/src/rp2_common/pico_platform/platform.c.obj
 .comment       0x0000000000000059       0x5a CMakeFiles/test.dir/home/taunoerik/pico/pico-sdk/src/rp2_common/hardware_uart/uart.c.obj
 .comment       0x0000000000000059       0x5a CMakeFiles/test.dir/home/taunoerik/pico/pico-sdk/src/common/pico_time/time.c.obj
 .comment       0x0000000000000059       0x5a CMakeFiles/test.dir/home/taunoerik/pico/pico-sdk/src/rp2_common/hardware_timer/timer.c.obj
 .comment       0x0000000000000059       0x5a CMakeFiles/test.dir/home/taunoerik/pico/pico-sdk/src/common/pico_sync/lock_core.c.obj
 .comment       0x0000000000000059       0x5a CMakeFiles/test.dir/home/taunoerik/pico/pico-sdk/src/common/pico_sync/mutex.c.obj
 .comment       0x0000000000000059       0x5a CMakeFiles/test.dir/home/taunoerik/pico/pico-sdk/src/common/pico_sync/critical_section.c.obj
 .comment       0x0000000000000059       0x5a CMakeFiles/test.dir/home/taunoerik/pico/pico-sdk/src/common/pico_util/pheap.c.obj
 .comment       0x0000000000000059       0x5a CMakeFiles/test.dir/home/taunoerik/pico/pico-sdk/src/rp2_common/pico_runtime/runtime.c.obj
 .comment       0x0000000000000059       0x5a CMakeFiles/test.dir/home/taunoerik/pico/pico-sdk/src/rp2_common/hardware_clocks/clocks.c.obj
 .comment       0x0000000000000059       0x5a CMakeFiles/test.dir/home/taunoerik/pico/pico-sdk/src/rp2_common/hardware_watchdog/watchdog.c.obj
 .comment       0x0000000000000059       0x5a CMakeFiles/test.dir/home/taunoerik/pico/pico-sdk/src/rp2_common/hardware_xosc/xosc.c.obj
 .comment       0x0000000000000059       0x5a CMakeFiles/test.dir/home/taunoerik/pico/pico-sdk/src/rp2_common/hardware_pll/pll.c.obj
 .comment       0x0000000000000059       0x5a CMakeFiles/test.dir/home/taunoerik/pico/pico-sdk/src/rp2_common/hardware_irq/irq.c.obj
 .comment       0x0000000000000059       0x5a CMakeFiles/test.dir/home/taunoerik/pico/pico-sdk/src/rp2_common/pico_printf/printf.c.obj
 .comment       0x0000000000000059       0x5a CMakeFiles/test.dir/home/taunoerik/pico/pico-sdk/src/rp2_common/pico_bootrom/bootrom.c.obj
 .comment       0x0000000000000059       0x5a CMakeFiles/test.dir/home/taunoerik/pico/pico-sdk/src/rp2_common/pico_double/double_init_rom.c.obj
 .comment       0x0000000000000059       0x5a CMakeFiles/test.dir/home/taunoerik/pico/pico-sdk/src/rp2_common/pico_float/float_init_rom.c.obj
 .comment       0x0000000000000059       0x5a CMakeFiles/test.dir/home/taunoerik/pico/pico-sdk/src/rp2_common/pico_malloc/pico_malloc.c.obj
 .comment       0x0000000000000059       0x5a CMakeFiles/test.dir/home/taunoerik/pico/pico-sdk/src/rp2_common/pico_standard_link/binary_info.c.obj
 .comment       0x0000000000000059       0x5a CMakeFiles/test.dir/home/taunoerik/pico/pico-sdk/src/rp2_common/pico_stdio/stdio.c.obj
 .comment       0x0000000000000059       0x5a CMakeFiles/test.dir/home/taunoerik/pico/pico-sdk/src/rp2_common/pico_stdio_uart/stdio_uart.c.obj
 .comment       0x0000000000000059       0x5a CMakeFiles/test.dir/home/taunoerik/pico/pico-sdk/src/rp2_common/pico_stdio_usb/stdio_usb.c.obj
 .comment       0x0000000000000059       0x5a CMakeFiles/test.dir/home/taunoerik/pico/pico-sdk/src/rp2_common/pico_stdio_usb/stdio_usb_descriptors.c.obj
 .comment       0x0000000000000059       0x5a CMakeFiles/test.dir/home/taunoerik/pico/pico-sdk/lib/tinyusb/src/portable/raspberrypi/rp2040/dcd_rp2040.c.obj
 .comment       0x0000000000000059       0x5a CMakeFiles/test.dir/home/taunoerik/pico/pico-sdk/lib/tinyusb/src/portable/raspberrypi/rp2040/rp2040_usb.c.obj
 .comment       0x0000000000000059       0x5a CMakeFiles/test.dir/home/taunoerik/pico/pico-sdk/lib/tinyusb/src/device/usbd.c.obj
 .comment       0x0000000000000059       0x5a CMakeFiles/test.dir/home/taunoerik/pico/pico-sdk/lib/tinyusb/src/device/usbd_control.c.obj
 .comment       0x0000000000000059       0x5a CMakeFiles/test.dir/home/taunoerik/pico/pico-sdk/lib/tinyusb/src/class/cdc/cdc_device.c.obj
 .comment       0x0000000000000059       0x5a CMakeFiles/test.dir/home/taunoerik/pico/pico-sdk/lib/tinyusb/src/tusb.c.obj
 .comment       0x0000000000000059       0x5a CMakeFiles/test.dir/home/taunoerik/pico/pico-sdk/lib/tinyusb/src/common/tusb_fifo.c.obj
 .comment       0x0000000000000059       0x4e /usr/lib/gcc/arm-none-eabi/9.2.1/../../../arm-none-eabi/lib/thumb/v6-m/nofp/libc.a(lib_a-calloc.o)
                                         0x4f (size before relaxing)
 .comment       0x00000000000000a7       0x4f /usr/lib/gcc/arm-none-eabi/9.2.1/../../../arm-none-eabi/lib/thumb/v6-m/nofp/libc.a(lib_a-callocr.o)
 .comment       0x00000000000000a7       0x4f /usr/lib/gcc/arm-none-eabi/9.2.1/../../../arm-none-eabi/lib/thumb/v6-m/nofp/libc.a(lib_a-impure.o)
 .comment       0x00000000000000a7       0x4f /usr/lib/gcc/arm-none-eabi/9.2.1/../../../arm-none-eabi/lib/thumb/v6-m/nofp/libc.a(lib_a-malloc.o)
 .comment       0x00000000000000a7       0x4f /usr/lib/gcc/arm-none-eabi/9.2.1/../../../arm-none-eabi/lib/thumb/v6-m/nofp/libc.a(lib_a-mallocr.o)
 .comment       0x00000000000000a7       0x4f /usr/lib/gcc/arm-none-eabi/9.2.1/../../../arm-none-eabi/lib/thumb/v6-m/nofp/libc.a(lib_a-mlock.o)
 .comment       0x00000000000000a7       0x4f /usr/lib/gcc/arm-none-eabi/9.2.1/../../../arm-none-eabi/lib/thumb/v6-m/nofp/libc.a(lib_a-sbrkr.o)
 .comment       0x00000000000000a7       0x4f /usr/lib/gcc/arm-none-eabi/9.2.1/../../../arm-none-eabi/lib/thumb/v6-m/nofp/libc.a(lib_a-strlen-stub.o)
 .comment       0x00000000000000a7       0x4f /usr/lib/gcc/arm-none-eabi/9.2.1/../../../arm-none-eabi/lib/thumb/v6-m/nofp/libc.a(lib_a-freer.o)
 .comment       0x00000000000000a7       0x4f /usr/lib/gcc/arm-none-eabi/9.2.1/../../../arm-none-eabi/lib/thumb/v6-m/nofp/libc.a(lib_a-reent.o)
 .comment       0x00000000000000a7       0x5a /usr/lib/gcc/arm-none-eabi/9.2.1/thumb/v6-m/nofp/crtend.o

.debug_line     0x0000000000000000     0x1994
 .debug_line    0x0000000000000000       0x60 /usr/lib/gcc/arm-none-eabi/9.2.1/thumb/v6-m/nofp/libgcc.a(_dvmd_tls.o)
 .debug_line    0x0000000000000060      0x14c /usr/lib/gcc/arm-none-eabi/9.2.1/../../../arm-none-eabi/lib/thumb/v6-m/nofp/libc.a(lib_a-calloc.o)
 .debug_line    0x00000000000001ac      0x1e7 /usr/lib/gcc/arm-none-eabi/9.2.1/../../../arm-none-eabi/lib/thumb/v6-m/nofp/libc.a(lib_a-callocr.o)
 .debug_line    0x0000000000000393       0xe3 /usr/lib/gcc/arm-none-eabi/9.2.1/../../../arm-none-eabi/lib/thumb/v6-m/nofp/libc.a(lib_a-impure.o)
 .debug_line    0x0000000000000476      0x16e /usr/lib/gcc/arm-none-eabi/9.2.1/../../../arm-none-eabi/lib/thumb/v6-m/nofp/libc.a(lib_a-malloc.o)
 .debug_line    0x00000000000005e4      0x89d /usr/lib/gcc/arm-none-eabi/9.2.1/../../../arm-none-eabi/lib/thumb/v6-m/nofp/libc.a(lib_a-mallocr.o)
 .debug_line    0x0000000000000e81      0x13d /usr/lib/gcc/arm-none-eabi/9.2.1/../../../arm-none-eabi/lib/thumb/v6-m/nofp/libc.a(lib_a-mlock.o)
 .debug_line    0x0000000000000fbe      0x185 /usr/lib/gcc/arm-none-eabi/9.2.1/../../../arm-none-eabi/lib/thumb/v6-m/nofp/libc.a(lib_a-sbrkr.o)
 .debug_line    0x0000000000001143      0x1c2 /usr/lib/gcc/arm-none-eabi/9.2.1/../../../arm-none-eabi/lib/thumb/v6-m/nofp/libc.a(lib_a-strlen-stub.o)
 .debug_line    0x0000000000001305      0x482 /usr/lib/gcc/arm-none-eabi/9.2.1/../../../arm-none-eabi/lib/thumb/v6-m/nofp/libc.a(lib_a-freer.o)
 .debug_line    0x0000000000001787      0x20d /usr/lib/gcc/arm-none-eabi/9.2.1/../../../arm-none-eabi/lib/thumb/v6-m/nofp/libc.a(lib_a-reent.o)

.debug_info     0x0000000000000000     0x6d01
 .debug_info    0x0000000000000000       0x26 /usr/lib/gcc/arm-none-eabi/9.2.1/thumb/v6-m/nofp/libgcc.a(_dvmd_tls.o)
 .debug_info    0x0000000000000026      0x988 /usr/lib/gcc/arm-none-eabi/9.2.1/../../../arm-none-eabi/lib/thumb/v6-m/nofp/libc.a(lib_a-calloc.o)
 .debug_info    0x00000000000009ae      0xc2f /usr/lib/gcc/arm-none-eabi/9.2.1/../../../arm-none-eabi/lib/thumb/v6-m/nofp/libc.a(lib_a-callocr.o)
 .debug_info    0x00000000000015dd      0x92a /usr/lib/gcc/arm-none-eabi/9.2.1/../../../arm-none-eabi/lib/thumb/v6-m/nofp/libc.a(lib_a-impure.o)
 .debug_info    0x0000000000001f07      0x9b6 /usr/lib/gcc/arm-none-eabi/9.2.1/../../../arm-none-eabi/lib/thumb/v6-m/nofp/libc.a(lib_a-malloc.o)
 .debug_info    0x00000000000028bd      0xf1a /usr/lib/gcc/arm-none-eabi/9.2.1/../../../arm-none-eabi/lib/thumb/v6-m/nofp/libc.a(lib_a-mallocr.o)
 .debug_info    0x00000000000037d7      0x961 /usr/lib/gcc/arm-none-eabi/9.2.1/../../../arm-none-eabi/lib/thumb/v6-m/nofp/libc.a(lib_a-mlock.o)
 .debug_info    0x0000000000004138      0x9fb /usr/lib/gcc/arm-none-eabi/9.2.1/../../../arm-none-eabi/lib/thumb/v6-m/nofp/libc.a(lib_a-sbrkr.o)
 .debug_info    0x0000000000004b33      0x973 /usr/lib/gcc/arm-none-eabi/9.2.1/../../../arm-none-eabi/lib/thumb/v6-m/nofp/libc.a(lib_a-strlen-stub.o)
 .debug_info    0x00000000000054a6      0xd99 /usr/lib/gcc/arm-none-eabi/9.2.1/../../../arm-none-eabi/lib/thumb/v6-m/nofp/libc.a(lib_a-freer.o)
 .debug_info    0x000000000000623f      0xac2 /usr/lib/gcc/arm-none-eabi/9.2.1/../../../arm-none-eabi/lib/thumb/v6-m/nofp/libc.a(lib_a-reent.o)

.debug_abbrev   0x0000000000000000     0x1754
 .debug_abbrev  0x0000000000000000       0x14 /usr/lib/gcc/arm-none-eabi/9.2.1/thumb/v6-m/nofp/libgcc.a(_dvmd_tls.o)
 .debug_abbrev  0x0000000000000014      0x225 /usr/lib/gcc/arm-none-eabi/9.2.1/../../../arm-none-eabi/lib/thumb/v6-m/nofp/libc.a(lib_a-calloc.o)
 .debug_abbrev  0x0000000000000239      0x275 /usr/lib/gcc/arm-none-eabi/9.2.1/../../../arm-none-eabi/lib/thumb/v6-m/nofp/libc.a(lib_a-callocr.o)
 .debug_abbrev  0x00000000000004ae      0x1b8 /usr/lib/gcc/arm-none-eabi/9.2.1/../../../arm-none-eabi/lib/thumb/v6-m/nofp/libc.a(lib_a-impure.o)
 .debug_abbrev  0x0000000000000666      0x22d /usr/lib/gcc/arm-none-eabi/9.2.1/../../../arm-none-eabi/lib/thumb/v6-m/nofp/libc.a(lib_a-malloc.o)
 .debug_abbrev  0x0000000000000893      0x321 /usr/lib/gcc/arm-none-eabi/9.2.1/../../../arm-none-eabi/lib/thumb/v6-m/nofp/libc.a(lib_a-mallocr.o)
 .debug_abbrev  0x0000000000000bb4      0x203 /usr/lib/gcc/arm-none-eabi/9.2.1/../../../arm-none-eabi/lib/thumb/v6-m/nofp/libc.a(lib_a-mlock.o)
 .debug_abbrev  0x0000000000000db7      0x250 /usr/lib/gcc/arm-none-eabi/9.2.1/../../../arm-none-eabi/lib/thumb/v6-m/nofp/libc.a(lib_a-sbrkr.o)
 .debug_abbrev  0x0000000000001007      0x1e8 /usr/lib/gcc/arm-none-eabi/9.2.1/../../../arm-none-eabi/lib/thumb/v6-m/nofp/libc.a(lib_a-strlen-stub.o)
 .debug_abbrev  0x00000000000011ef      0x2b9 /usr/lib/gcc/arm-none-eabi/9.2.1/../../../arm-none-eabi/lib/thumb/v6-m/nofp/libc.a(lib_a-freer.o)
 .debug_abbrev  0x00000000000014a8      0x2ac /usr/lib/gcc/arm-none-eabi/9.2.1/../../../arm-none-eabi/lib/thumb/v6-m/nofp/libc.a(lib_a-reent.o)

.debug_aranges  0x0000000000000000      0x158
 .debug_aranges
                0x0000000000000000       0x20 /usr/lib/gcc/arm-none-eabi/9.2.1/thumb/v6-m/nofp/libgcc.a(_dvmd_tls.o)
 .debug_aranges
                0x0000000000000020       0x20 /usr/lib/gcc/arm-none-eabi/9.2.1/../../../arm-none-eabi/lib/thumb/v6-m/nofp/libc.a(lib_a-calloc.o)
 .debug_aranges
                0x0000000000000040       0x20 /usr/lib/gcc/arm-none-eabi/9.2.1/../../../arm-none-eabi/lib/thumb/v6-m/nofp/libc.a(lib_a-callocr.o)
 .debug_aranges
                0x0000000000000060       0x18 /usr/lib/gcc/arm-none-eabi/9.2.1/../../../arm-none-eabi/lib/thumb/v6-m/nofp/libc.a(lib_a-impure.o)
 .debug_aranges
                0x0000000000000078       0x20 /usr/lib/gcc/arm-none-eabi/9.2.1/../../../arm-none-eabi/lib/thumb/v6-m/nofp/libc.a(lib_a-malloc.o)
 .debug_aranges
                0x0000000000000098       0x20 /usr/lib/gcc/arm-none-eabi/9.2.1/../../../arm-none-eabi/lib/thumb/v6-m/nofp/libc.a(lib_a-mallocr.o)
 .debug_aranges
                0x00000000000000b8       0x20 /usr/lib/gcc/arm-none-eabi/9.2.1/../../../arm-none-eabi/lib/thumb/v6-m/nofp/libc.a(lib_a-mlock.o)
 .debug_aranges
                0x00000000000000d8       0x20 /usr/lib/gcc/arm-none-eabi/9.2.1/../../../arm-none-eabi/lib/thumb/v6-m/nofp/libc.a(lib_a-sbrkr.o)
 .debug_aranges
                0x00000000000000f8       0x20 /usr/lib/gcc/arm-none-eabi/9.2.1/../../../arm-none-eabi/lib/thumb/v6-m/nofp/libc.a(lib_a-strlen-stub.o)
 .debug_aranges
                0x0000000000000118       0x20 /usr/lib/gcc/arm-none-eabi/9.2.1/../../../arm-none-eabi/lib/thumb/v6-m/nofp/libc.a(lib_a-freer.o)
 .debug_aranges
                0x0000000000000138       0x20 /usr/lib/gcc/arm-none-eabi/9.2.1/../../../arm-none-eabi/lib/thumb/v6-m/nofp/libc.a(lib_a-reent.o)

.debug_str      0x0000000000000000      0xb19
 .debug_str     0x0000000000000000       0xa3 /usr/lib/gcc/arm-none-eabi/9.2.1/thumb/v6-m/nofp/libgcc.a(_dvmd_tls.o)
 .debug_str     0x00000000000000a3      0x53a /usr/lib/gcc/arm-none-eabi/9.2.1/../../../arm-none-eabi/lib/thumb/v6-m/nofp/libc.a(lib_a-calloc.o)
                                        0x5b6 (size before relaxing)